2026-03-23 10:28:45,287 | INFO | __main__ | Aplicação iniciada
2026-03-23 10:28:45,288 | INFO | src.database.init_db | Inicializando banco de dados
2026-03-23 10:28:45,288 | INFO | src.database.connection | Conectando ao banco de dados
2026-03-23 10:29:11,031 | INFO | __main__ | Aplicação iniciada
2026-03-23 10:29:11,032 | INFO | src.database.init_db | Inicializando banco de dados
2026-03-23 10:29:11,032 | INFO | src.database.connection | Conectando ao banco de dados
2026-03-23 10:29:30,240 | INFO | __main__ | Aplicação iniciada
2026-03-23 10:29:30,241 | INFO | src.database.init_db | Inicializando banco de dados
2026-03-23 10:29:30,241 | INFO | src.database.connection | Conectando ao banco de dados
2026-03-23 10:29:30,253 | INFO | src.database.init_db | Tabelas criadas no banco
2026-03-23 10:29:30,256 | INFO | __main__ | Página selecionada: Resumo
2026-03-23 10:30:58,246 | INFO | __main__ | Aplicação iniciada
2026-03-23 10:30:58,247 | INFO | src.database.init_db | Inicializando banco de dados
2026-03-23 10:30:58,247 | INFO | src.database.connection | Conectando ao banco de dados
2026-03-23 10:30:58,249 | INFO | src.database.init_db | Tabelas criadas no banco
2026-03-23 10:30:58,252 | INFO | __main__ | Página selecionada: Resumo
2026-03-23 10:34:29,771 | INFO | __main__ | Página selecionada: Transações
2026-03-23 10:34:30,234 | INFO | __main__ | Página selecionada: Resumo
2026-03-23 10:34:30,613 | INFO | __main__ | Página selecionada: Transações
2026-03-23 10:34:39,027 | INFO | __main__ | Página selecionada: Resumo
2026-03-23 10:35:39,471 | INFO | __main__ | Aplicação iniciada
2026-03-23 10:35:39,472 | INFO | src.database.init_db | Inicializando banco de dados
2026-03-23 10:35:39,473 | INFO | src.database.connection | Conectando ao banco de dados
2026-03-23 10:35:39,474 | INFO | src.database.init_db | Tabelas criadas no banco
2026-03-23 10:35:39,477 | INFO | __main__ | Página selecionada: Resumo
2026-03-23 10:38:37,816 | INFO | __main__ | Aplicação iniciada
2026-03-23 10:38:37,819 | INFO | src.database.init_db | Inicializando banco de dados
2026-03-23 10:38:37,820 | INFO | src.database.connection | Conectando ao banco de dados
2026-03-23 10:38:37,821 | INFO | src.database.init_db | Tabelas criadas no banco
2026-03-23 10:38:37,831 | INFO | __main__ | Página selecionada: Resumo
2026-03-23 10:38:40,532 | INFO | __main__ | Página selecionada: Transações
2026-03-23 10:38:41,231 | INFO | __main__ | Página selecionada: Resumo
2026-03-23 10:38:41,632 | INFO | __main__ | Página selecionada: Transações
2026-03-23 10:38:41,917 | INFO | __main__ | Página selecionada: Resumo
2026-03-23 10:38:43,920 | INFO | __main__ | Página selecionada: Transações
2026-03-23 10:38:44,224 | INFO | __main__ | Página selecionada: Resumo
2026-03-23 10:38:44,555 | INFO | __main__ | Página selecionada: Transações
2026-03-23 10:38:44,792 | INFO | __main__ | Página selecionada: Resumo
2026-03-23 10:38:59,397 | INFO | __main__ | Página selecionada: Transações
2026-03-23 10:46:09,118 | INFO | __main__ | Aplicação iniciada
2026-03-23 10:46:09,120 | INFO | __main__ | Página selecionada: Resumo
2026-03-23 10:46:10,803 | INFO | __main__ | Página selecionada: Transações
2026-03-23 10:46:10,805 | INFO | src.database.connection | Conectando ao banco de dados
2026-03-23 10:46:47,055 | INFO | __main__ | Aplicação iniciada
2026-03-23 10:46:47,056 | INFO | __main__ | Página selecionada: Resumo
2026-03-23 10:46:48,719 | INFO | __main__ | Página selecionada: Transações
2026-03-23 10:46:48,719 | INFO | src.database.connection | Conectando ao banco de dados
2026-03-23 10:46:58,181 | INFO | __main__ | Aplicação iniciada
2026-03-23 10:46:58,183 | INFO | src.database.init_db | Inicializando banco de dados
2026-03-23 10:46:58,183 | INFO | src.database.connection | Conectando ao banco de dados
2026-03-23 10:47:18,796 | INFO | __main__ | Aplicação iniciada
2026-03-23 10:47:18,798 | INFO | src.database.init_db | Inicializando banco de dados
2026-03-23 10:47:18,798 | INFO | src.database.connection | Conectando ao banco de dados
2026-03-23 10:47:18,807 | INFO | src.database.init_db | Tabelas criadas no banco
2026-03-23 10:47:18,814 | INFO | __main__ | Página selecionada: Resumo
2026-03-23 10:47:19,912 | INFO | __main__ | Página selecionada: Transações
2026-03-23 10:47:19,913 | INFO | src.database.connection | Conectando ao banco de dados
2026-03-23 10:47:53,291 | INFO | __main__ | Aplicação iniciada
2026-03-23 10:47:53,293 | INFO | src.database.init_db | Inicializando banco de dados
2026-03-23 10:47:53,293 | INFO | src.database.connection | Conectando ao banco de dados
2026-03-23 10:47:53,294 | INFO | src.database.init_db | Tabelas criadas no banco
2026-03-23 10:47:53,300 | INFO | __main__ | Página selecionada: Resumo
2026-03-23 10:47:54,373 | INFO | __main__ | Página selecionada: Transações
2026-03-23 10:47:54,374 | INFO | src.database.connection | Conectando ao banco de dados
2026-03-23 10:50:23,808 | INFO | __main__ | Página selecionada: Transações
2026-03-23 10:50:33,011 | INFO | __main__ | Página selecionada: Transações
2026-03-23 10:50:34,577 | INFO | __main__ | Página selecionada: Transações
2026-03-23 10:50:36,647 | INFO | __main__ | Página selecionada: Transações
2026-03-23 10:50:37,078 | INFO | __main__ | Página selecionada: Transações
2026-03-23 10:50:37,884 | INFO | __main__ | Página selecionada: Transações
2026-03-23 10:50:39,160 | INFO | __main__ | Página selecionada: Transações
2026-03-23 10:50:42,518 | INFO | __main__ | Página selecionada: Transações
2026-03-23 10:50:59,471 | INFO | __main__ | Página selecionada: Transações
2026-03-23 10:55:16,639 | INFO | __main__ | Aplicação iniciada
2026-03-23 10:55:16,641 | INFO | __main__ | Página selecionada: Resumo
2026-03-23 10:55:17,826 | INFO | __main__ | Página selecionada: Transações
2026-03-23 10:55:17,828 | INFO | src.database.connection | Conectando ao banco de dados
2026-03-23 10:57:46,651 | INFO | __main__ | Aplicação iniciada
2026-03-23 10:57:46,653 | INFO | __main__ | Página selecionada: Resumo
2026-03-23 10:57:48,024 | INFO | __main__ | Página selecionada: Transações
2026-03-23 10:57:48,025 | INFO | src.database.connection | Conectando ao banco de dados
2026-03-23 10:58:26,468 | INFO | __main__ | Aplicação iniciada
2026-03-23 10:58:26,470 | INFO | __main__ | Página selecionada: Resumo
2026-03-23 10:58:27,267 | INFO | __main__ | Página selecionada: Transações
2026-03-23 10:58:27,268 | INFO | src.database.connection | Conectando ao banco de dados
2026-03-23 10:58:28,177 | INFO | __main__ | Página selecionada: Transações
2026-03-23 10:58:31,181 | INFO | __main__ | Página selecionada: Transações
2026-03-23 10:58:31,997 | INFO | __main__ | Página selecionada: Resumo
2026-03-23 10:58:32,255 | INFO | __main__ | Página selecionada: Transações
2026-03-23 10:58:33,885 | INFO | __main__ | Aplicação iniciada
2026-03-23 10:58:33,887 | INFO | __main__ | Página selecionada: Resumo
2026-03-23 10:58:34,619 | INFO | __main__ | Página selecionada: Transações
2026-03-23 10:58:34,621 | INFO | src.database.connection | Conectando ao banco de dados
2026-03-23 11:00:22,069 | INFO | __main__ | Página selecionada: Transações
2026-03-23 11:00:25,581 | INFO | __main__ | Aplicação iniciada
2026-03-23 11:00:25,583 | INFO | __main__ | Página selecionada: Resumo
2026-03-23 11:00:26,170 | INFO | __main__ | Página selecionada: Transações
2026-03-23 11:00:26,171 | INFO | src.database.connection | Conectando ao banco de dados
2026-03-23 11:00:26,953 | INFO | __main__ | Página selecionada: Transações
2026-03-23 11:01:53,428 | INFO | __main__ | Aplicação iniciada
2026-03-23 11:01:53,430 | INFO | __main__ | Página selecionada: Resumo
2026-03-23 11:01:54,402 | INFO | __main__ | Página selecionada: Transações
2026-03-23 11:01:54,403 | INFO | src.database.connection | Conectando ao banco de dados
2026-03-23 11:01:55,214 | INFO | __main__ | Página selecionada: Transações
2026-03-23 11:02:02,284 | INFO | __main__ | Página selecionada: Transações
2026-03-23 11:02:02,891 | INFO | __main__ | Página selecionada: Transações
2026-03-23 11:02:03,427 | INFO | __main__ | Página selecionada: Transações
2026-03-23 11:02:03,881 | INFO | __main__ | Página selecionada: Transações
2026-03-23 11:02:05,741 | INFO | __main__ | Página selecionada: Transações
2026-03-23 11:02:07,409 | INFO | __main__ | Página selecionada: Transações
2026-03-23 11:02:07,891 | INFO | __main__ | Página selecionada: Transações
2026-03-23 11:02:08,343 | INFO | __main__ | Página selecionada: Transações
2026-03-23 11:02:40,716 | INFO | __main__ | Página selecionada: Transações
2026-03-23 11:02:54,643 | INFO | __main__ | Página selecionada: Transações
2026-03-23 11:18:46,478 | INFO | __main__ | Aplicação iniciada
2026-03-23 11:18:46,481 | INFO | src.database.init_db | Inicializando banco de dados
2026-03-23 11:18:46,481 | INFO | src.database.connection | Conectando ao banco de dados
2026-03-23 11:19:27,150 | INFO | __main__ | Aplicação iniciada
2026-03-23 11:19:27,152 | INFO | src.database.init_db | Inicializando banco de dados
2026-03-23 11:19:27,152 | INFO | src.database.connection | Conectando ao banco de dados
2026-03-23 11:19:42,709 | INFO | __main__ | Aplicação iniciada
2026-03-23 11:19:42,711 | INFO | src.database.init_db | Inicializando banco de dados
2026-03-23 11:19:42,711 | INFO | src.database.connection | Conectando ao banco de dados
2026-03-23 11:20:13,136 | INFO | __main__ | Aplicação iniciada
2026-03-23 11:20:13,138 | INFO | src.database.init_db | Inicializando banco de dados
2026-03-23 11:20:13,138 | INFO | src.database.connection | Conectando ao banco de dados
2026-03-23 11:20:13,148 | INFO | src.database.init_db | Tabelas criadas no banco
2026-03-23 11:20:13,156 | INFO | __main__ | Página selecionada: Resumo
2026-03-23 11:20:14,458 | INFO | __main__ | Página selecionada: Transações
2026-03-23 11:20:14,459 | INFO | src.database.connection | Conectando ao banco de dados
2026-03-23 11:20:14,466 | INFO | src.database.connection | Conectando ao banco de dados
2026-03-23 11:20:14,466 | INFO | src.repositories.categorias_repository | Buscando categorias no banco de dados
2026-03-23 11:20:16,238 | INFO | __main__ | Página selecionada: Transações
2026-03-23 11:20:16,240 | INFO | src.database.connection | Conectando ao banco de dados
2026-03-23 11:20:16,241 | INFO | src.repositories.categorias_repository | Buscando categorias no banco de dados
2026-03-23 11:20:18,870 | INFO | __main__ | Página selecionada: Transações
2026-03-23 11:20:18,874 | INFO | src.database.connection | Conectando ao banco de dados
2026-03-23 11:20:18,874 | INFO | src.repositories.categorias_repository | Buscando categorias no banco de dados
2026-03-23 11:21:10,777 | INFO | __main__ | Aplicação iniciada
2026-03-23 11:21:10,779 | INFO | src.database.init_db | Inicializando banco de dados
2026-03-23 11:21:10,779 | INFO | src.database.connection | Conectando ao banco de dados
2026-03-23 11:21:10,781 | INFO | src.database.init_db | Tabelas criadas no banco
2026-03-23 11:21:10,787 | INFO | __main__ | Página selecionada: Resumo
2026-03-23 11:21:11,976 | INFO | __main__ | Página selecionada: Transações
2026-03-23 11:21:11,976 | INFO | src.database.connection | Conectando ao banco de dados
2026-03-23 11:21:11,980 | INFO | src.database.connection | Conectando ao banco de dados
2026-03-23 11:21:11,981 | INFO | src.repositories.categorias_repository | Buscando categorias no banco de dados
2026-03-23 11:21:13,492 | INFO | __main__ | Página selecionada: Transações
2026-03-23 11:21:13,494 | INFO | src.database.connection | Conectando ao banco de dados
2026-03-23 11:21:13,494 | INFO | src.repositories.categorias_repository | Buscando categorias no banco de dados
2026-03-23 11:22:54,437 | INFO | __main__ | Aplicação iniciada
2026-03-23 11:22:54,440 | INFO | __main__ | Página selecionada: Resumo
2026-03-23 11:22:55,926 | INFO | __main__ | Página selecionada: Transações
2026-03-23 11:22:55,927 | INFO | src.database.connection | Conectando ao banco de dados
2026-03-23 11:22:55,931 | INFO | src.database.connection | Conectando ao banco de dados
2026-03-23 11:22:55,931 | INFO | src.repositories.categorias_repository | Buscando categorias no banco de dados
2026-03-23 11:22:56,903 | INFO | __main__ | Página selecionada: Transações
2026-03-23 11:22:56,908 | INFO | src.database.connection | Conectando ao banco de dados
2026-03-23 11:22:56,908 | INFO | src.repositories.categorias_repository | Buscando categorias no banco de dados
2026-03-23 11:23:31,559 | INFO | __main__ | Aplicação iniciada
2026-03-23 11:23:31,560 | INFO | __main__ | Página selecionada: Resumo
2026-03-23 11:23:35,054 | INFO | __main__ | Página selecionada: Transações
2026-03-23 11:23:35,054 | INFO | src.database.connection | Conectando ao banco de dados
2026-03-23 11:23:35,057 | INFO | src.database.connection | Conectando ao banco de dados
2026-03-23 11:23:35,057 | INFO | src.repositories.categorias_repository | Buscando categorias no banco de dados
2026-03-23 11:23:35,671 | INFO | __main__ | Página selecionada: Transações
2026-03-23 11:23:35,674 | INFO | src.database.connection | Conectando ao banco de dados
2026-03-23 11:23:35,675 | INFO | src.repositories.categorias_repository | Buscando categorias no banco de dados
2026-03-23 11:24:15,832 | INFO | __main__ | Página selecionada: Resumo
2026-03-23 11:24:16,129 | INFO | __main__ | Página selecionada: Transações
2026-03-23 11:24:19,042 | INFO | __main__ | Página selecionada: Resumo
2026-03-23 11:24:19,279 | INFO | __main__ | Página selecionada: Transações
2026-03-23 11:24:19,608 | INFO | __main__ | Página selecionada: Resumo
2026-03-23 11:24:19,807 | INFO | __main__ | Página selecionada: Transações
2026-03-23 11:28:07,232 | INFO | __main__ | Aplicação iniciada
2026-03-23 11:28:07,237 | INFO | __main__ | Página selecionada: Resumo
2026-03-23 11:28:08,711 | INFO | __main__ | Página selecionada: Categorias
2026-03-23 11:28:10,522 | INFO | __main__ | Página selecionada: Transações
2026-03-23 11:28:10,523 | INFO | src.database.connection | Conectando ao banco de dados
2026-03-23 11:28:10,527 | INFO | src.database.connection | Conectando ao banco de dados
2026-03-23 11:28:10,527 | INFO | src.repositories.categorias_repository | Buscando categorias no banco de dados
2026-03-23 11:28:11,598 | INFO | __main__ | Página selecionada: Resumo
2026-03-23 11:28:11,922 | INFO | __main__ | Página selecionada: Transações
2026-03-23 11:28:12,175 | INFO | __main__ | Página selecionada: Categorias
2026-03-23 11:28:13,425 | INFO | __main__ | Página selecionada: Transações
2026-03-23 11:28:14,245 | INFO | __main__ | Página selecionada: Categorias
2026-03-23 11:28:15,047 | INFO | __main__ | Página selecionada: Transações
2026-03-23 11:28:15,680 | INFO | __main__ | Página selecionada: Categorias
2026-03-23 11:28:49,741 | INFO | __main__ | Aplicação iniciada
2026-03-23 11:28:49,743 | INFO | __main__ | Página selecionada: Resumo
2026-03-23 11:28:50,558 | INFO | __main__ | Página selecionada: Categorias
2026-03-23 11:28:51,588 | INFO | __main__ | Página selecionada: Transações
2026-03-23 11:28:51,588 | INFO | src.database.connection | Conectando ao banco de dados
2026-03-23 11:28:51,591 | INFO | src.database.connection | Conectando ao banco de dados
2026-03-23 11:28:51,591 | INFO | src.repositories.categorias_repository | Buscando categorias no banco de dados
2026-03-23 11:28:51,913 | INFO | __main__ | Página selecionada: Resumo
2026-03-23 11:28:52,227 | INFO | __main__ | Página selecionada: Transações
2026-03-23 11:28:52,463 | INFO | __main__ | Página selecionada: Categorias
2026-03-23 11:30:34,808 | INFO | __main__ | Página selecionada: Categorias
2026-03-23 11:30:38,869 | INFO | __main__ | Página selecionada: Transações
2026-03-23 11:30:40,128 | INFO | __main__ | Página selecionada: Categorias
2026-03-23 11:30:47,445 | INFO | __main__ | Página selecionada: Transações
2026-03-23 11:30:49,399 | INFO | __main__ | Página selecionada: Categorias
2026-03-23 11:30:51,441 | INFO | __main__ | Página selecionada: Transações
2026-03-23 11:30:52,488 | INFO | __main__ | Página selecionada: Categorias
2026-03-23 11:30:55,533 | INFO | __main__ | Página selecionada: Transações
2026-03-23 11:30:55,787 | INFO | __main__ | Página selecionada: Categorias
2026-03-23 11:30:56,079 | INFO | __main__ | Página selecionada: Transações
2026-03-23 11:30:56,313 | INFO | __main__ | Página selecionada: Categorias
2026-03-23 23:28:37,850 | INFO | __main__ | Aplicação iniciada
2026-03-23 23:28:37,853 | INFO | src.database.init_db | Inicializando banco de dados
2026-03-23 23:28:37,853 | INFO | src.database.connection | Conectando ao banco de dados
2026-03-23 23:28:37,858 | INFO | src.database.init_db | Tabelas criadas no banco
2026-03-23 23:28:37,869 | INFO | __main__ | Página selecionada: Resumo
2026-03-23 23:28:43,486 | INFO | __main__ | Página selecionada: Transações
2026-03-23 23:28:43,486 | INFO | src.database.connection | Conectando ao banco de dados
2026-03-23 23:28:43,511 | INFO | src.database.connection | Conectando ao banco de dados
2026-03-23 23:28:43,512 | INFO | src.repositories.categorias_repository | Buscando categorias no banco de dados
2026-03-23 23:28:45,101 | INFO | __main__ | Página selecionada: Categorias
2026-03-23 23:28:45,102 | INFO | src.database.connection | Conectando ao banco de dados
2026-03-23 23:28:45,103 | INFO | src.repositories.categorias_repository | Buscando categorias no banco de dados
2026-03-23 23:28:47,415 | INFO | __main__ | Página selecionada: Transações
2026-03-23 23:28:48,693 | INFO | __main__ | Página selecionada: Resumo
2026-03-23 23:28:49,001 | INFO | __main__ | Página selecionada: Resumo
2026-03-23 23:28:49,470 | INFO | __main__ | Página selecionada: Transações
2026-03-23 23:28:50,164 | INFO | __main__ | Página selecionada: Categorias
2026-03-23 23:28:50,442 | INFO | __main__ | Página selecionada: Transações
2026-03-23 23:28:50,732 | INFO | __main__ | Página selecionada: Resumo
2026-03-23 23:28:51,085 | INFO | __main__ | Página selecionada: Transações
2026-03-23 23:28:51,644 | INFO | __main__ | Página selecionada: Categorias
2026-03-23 23:28:51,970 | INFO | __main__ | Página selecionada: Transações
2026-03-27 00:31:47,213 | INFO | __main__ | Aplicação iniciada
2026-03-27 00:31:47,216 | INFO | src.database.init_db | Inicializando banco de dados
2026-03-27 00:31:47,216 | INFO | src.database.connection | Conectando ao banco de dados
2026-03-27 00:31:47,220 | INFO | src.database.init_db | Tabelas criadas no banco
2026-03-27 00:31:47,232 | INFO | __main__ | Página selecionada: Resumo
2026-03-27 00:31:50,020 | INFO | __main__ | Página selecionada: Transações
2026-03-27 00:31:50,021 | INFO | src.database.connection | Conectando ao banco de dados
2026-03-27 00:31:50,028 | INFO | src.database.connection | Conectando ao banco de dados
2026-03-27 00:31:50,029 | INFO | src.repositories.categorias_repository | Buscando categorias no banco de dados
2026-03-27 00:31:53,386 | INFO | __main__ | Página selecionada: Categorias
2026-03-27 00:31:53,387 | INFO | src.database.connection | Conectando ao banco de dados
2026-03-27 00:31:53,388 | INFO | src.repositories.categorias_repository | Buscando categorias no banco de dados
2026-03-27 00:35:13,929 | INFO | __main__ | Aplicação iniciada
2026-03-27 00:35:13,931 | INFO | __main__ | Página selecionada: Resumo
2026-03-27 00:35:15,109 | INFO | __main__ | Página selecionada: Transações
2026-03-27 00:35:15,110 | INFO | src.database.connection | Conectando ao banco de dados
2026-03-27 00:35:15,112 | INFO | src.database.connection | Conectando ao banco de dados
2026-03-27 00:35:15,113 | INFO | src.repositories.categorias_repository | Buscando nomes das categorias no banco de dados
2026-03-27 00:35:21,035 | INFO | __main__ | Página selecionada: Resumo
2026-03-27 00:35:23,387 | INFO | __main__ | Página selecionada: Transações
2026-03-27 00:35:32,428 | INFO | __main__ | Página selecionada: Categorias
2026-03-27 00:35:32,428 | INFO | src.database.connection | Conectando ao banco de dados
2026-03-27 00:35:32,429 | INFO | src.repositories.categorias_repository | Buscando categorias completas no banco de dados
2026-03-27 00:35:39,165 | INFO | __main__ | Página selecionada: Categorias
2026-03-27 00:37:38,265 | INFO | __main__ | Página selecionada: Categorias
2026-03-27 00:37:38,269 | INFO | src.database.connection | Conectando ao banco de dados
2026-03-27 00:37:38,270 | INFO | src.repositories.categorias_repository | Inserindo nova categoria: teste
2026-03-27 00:37:38,276 | INFO | src.database.connection | Conectando ao banco de dados
2026-03-27 00:37:38,276 | INFO | src.repositories.categorias_repository | Buscando categorias completas no banco de dados
2026-03-27 00:37:38,302 | INFO | __main__ | Página selecionada: Categorias
2026-03-27 00:37:48,822 | INFO | __main__ | Aplicação iniciada
2026-03-27 00:37:48,824 | INFO | src.database.init_db | Inicializando banco de dados
2026-03-27 00:37:48,824 | INFO | src.database.connection | Conectando ao banco de dados
2026-03-27 00:37:48,825 | INFO | src.database.init_db | Tabelas criadas no banco
2026-03-27 00:37:48,831 | INFO | __main__ | Página selecionada: Resumo
2026-03-27 00:37:56,133 | INFO | __main__ | Página selecionada: Transações
2026-03-27 00:37:56,134 | INFO | src.database.connection | Conectando ao banco de dados
2026-03-27 00:37:56,136 | INFO | src.database.connection | Conectando ao banco de dados
2026-03-27 00:37:56,136 | INFO | src.repositories.categorias_repository | Buscando nomes das categorias no banco de dados
2026-03-27 00:38:59,639 | INFO | __main__ | Página selecionada: Transações
2026-03-27 00:38:59,643 | INFO | src.database.connection | Conectando ao banco de dados
2026-03-27 00:38:59,643 | INFO | src.repositories.categorias_repository | Buscando nomes das categorias no banco de dados
2026-03-27 00:39:33,384 | INFO | __main__ | Página selecionada: Transações
2026-03-27 00:39:37,034 | INFO | __main__ | Página selecionada: Transações
2026-03-27 00:39:51,081 | INFO | __main__ | Aplicação iniciada
2026-03-27 00:39:51,082 | INFO | __main__ | Página selecionada: Resumo
2026-03-27 00:39:52,687 | INFO | __main__ | Página selecionada: Transações
2026-03-27 00:39:52,687 | INFO | src.database.connection | Conectando ao banco de dados
2026-03-27 00:39:52,689 | INFO | src.database.connection | Conectando ao banco de dados
2026-03-27 00:39:52,689 | INFO | src.repositories.categorias_repository | Buscando nomes das categorias no banco de dados
2026-03-27 00:41:02,170 | INFO | __main__ | Página selecionada: Transações
2026-03-27 00:41:02,173 | INFO | src.database.connection | Conectando ao banco de dados
2026-03-27 00:41:02,174 | INFO | src.repositories.categorias_repository | Buscando nomes das categorias no banco de dados
2026-03-27 00:42:10,929 | INFO | __main__ | Aplicação iniciada
2026-03-27 00:42:10,931 | INFO | __main__ | Página selecionada: Resumo
2026-03-27 00:42:12,842 | INFO | __main__ | Página selecionada: Transações
2026-03-27 00:42:12,842 | INFO | src.database.connection | Conectando ao banco de dados
2026-03-27 00:42:12,845 | INFO | src.database.connection | Conectando ao banco de dados
2026-03-27 00:42:12,845 | INFO | src.repositories.categorias_repository | Buscando nomes das categorias no banco de dados
2026-03-27 00:42:13,529 | INFO | __main__ | Página selecionada: Transações
2026-03-27 00:42:13,531 | INFO | src.database.connection | Conectando ao banco de dados
2026-03-27 00:42:13,532 | INFO | src.repositories.categorias_repository | Buscando nomes das categorias no banco de dados
2026-03-27 00:42:23,000 | INFO | __main__ | Página selecionada: Transações
2026-03-27 00:42:23,007 | INFO | src.database.connection | Conectando ao banco de dados
2026-03-27 00:43:58,131 | INFO | __main__ | Aplicação iniciada
2026-03-27 00:43:58,133 | INFO | __main__ | Página selecionada: Resumo
2026-03-27 00:43:59,622 | INFO | __main__ | Página selecionada: Transações
2026-03-27 00:43:59,622 | INFO | src.database.connection | Conectando ao banco de dados
2026-03-27 00:43:59,624 | INFO | src.database.connection | Conectando ao banco de dados
2026-03-27 00:43:59,624 | INFO | src.repositories.categorias_repository | Buscando nomes das categorias no banco de dados
2026-03-27 00:44:00,418 | INFO | __main__ | Página selecionada: Transações
2026-03-27 00:44:00,420 | INFO | src.database.connection | Conectando ao banco de dados
2026-03-27 00:44:00,421 | INFO | src.repositories.categorias_repository | Buscando nomes das categorias no banco de dados
2026-03-27 00:44:01,841 | INFO | __main__ | Página selecionada: Transações
2026-03-27 00:44:04,460 | INFO | __main__ | Página selecionada: Transações
2026-03-27 00:44:09,905 | INFO | __main__ | Página selecionada: Transações
2026-03-27 00:44:21,417 | INFO | __main__ | Aplicação iniciada
2026-03-27 00:44:21,436 | INFO | __main__ | Página selecionada: Resumo
2026-03-27 00:44:22,553 | INFO | __main__ | Página selecionada: Transações
2026-03-27 00:44:22,554 | INFO | src.database.connection | Conectando ao banco de dados
2026-03-27 00:44:22,555 | INFO | src.database.connection | Conectando ao banco de dados
2026-03-27 00:44:22,556 | INFO | src.repositories.categorias_repository | Buscando nomes das categorias no banco de dados
2026-03-27 00:44:26,335 | INFO | __main__ | Página selecionada: Transações
2026-03-27 00:44:26,340 | INFO | src.database.connection | Conectando ao banco de dados
2026-03-27 00:44:26,340 | INFO | src.repositories.categorias_repository | Buscando nomes das categorias no banco de dados
2026-03-27 00:44:39,618 | INFO | __main__ | Página selecionada: Categorias
2026-03-27 00:44:39,618 | INFO | src.database.connection | Conectando ao banco de dados
2026-03-27 00:44:39,619 | INFO | src.repositories.categorias_repository | Buscando categorias completas no banco de dados
2026-03-27 00:44:44,442 | INFO | __main__ | Página selecionada: Categorias
2026-03-27 00:44:47,508 | INFO | __main__ | Página selecionada: Categorias
2026-03-27 00:44:47,511 | INFO | src.database.connection | Conectando ao banco de dados
2026-03-27 00:44:47,512 | INFO | src.repositories.categorias_repository | Inserindo nova categoria: teste2
2026-03-27 00:44:47,517 | INFO | src.database.connection | Conectando ao banco de dados
2026-03-27 00:44:47,517 | INFO | src.repositories.categorias_repository | Buscando categorias completas no banco de dados
2026-03-27 00:44:47,549 | INFO | __main__ | Página selecionada: Categorias
2026-03-27 00:44:53,930 | INFO | __main__ | Página selecionada: Transações
2026-03-27 00:44:58,667 | INFO | __main__ | Aplicação iniciada
2026-03-27 00:44:58,684 | INFO | __main__ | Página selecionada: Resumo
2026-03-27 00:45:00,304 | INFO | __main__ | Página selecionada: Transações
2026-03-27 00:45:00,304 | INFO | src.database.connection | Conectando ao banco de dados
2026-03-27 00:45:00,305 | INFO | src.database.connection | Conectando ao banco de dados
2026-03-27 00:45:00,306 | INFO | src.repositories.categorias_repository | Buscando nomes das categorias no banco de dados
2026-03-27 00:45:01,492 | INFO | __main__ | Página selecionada: Transações
2026-03-27 00:45:01,495 | INFO | src.database.connection | Conectando ao banco de dados
2026-03-27 00:45:01,495 | INFO | src.repositories.categorias_repository | Buscando nomes das categorias no banco de dados
2026-03-27 00:46:03,078 | INFO | __main__ | Aplicação iniciada
2026-03-27 00:46:03,083 | INFO | __main__ | Página selecionada: Resumo
2026-03-27 00:46:05,539 | INFO | __main__ | Página selecionada: Transações
2026-03-27 00:46:05,539 | INFO | src.database.connection | Conectando ao banco de dados
2026-03-27 00:46:05,543 | INFO | src.database.connection | Conectando ao banco de dados
2026-03-27 00:46:05,543 | INFO | src.repositories.categorias_repository | Buscando nomes das categorias no banco de dados
2026-03-27 00:46:06,127 | INFO | __main__ | Página selecionada: Transações
2026-03-27 00:46:06,129 | INFO | src.database.connection | Conectando ao banco de dados
2026-03-27 00:46:06,130 | INFO | src.repositories.categorias_repository | Buscando nomes das categorias no banco de dados
2026-03-27 00:50:33,013 | INFO | __main__ | Aplicação iniciada
2026-03-27 00:50:33,015 | INFO | __main__ | Página selecionada: Resumo
2026-03-27 00:50:34,074 | INFO | __main__ | Página selecionada: Resumo
2026-03-27 00:50:34,410 | INFO | __main__ | Página selecionada: Transações
2026-03-27 00:50:34,410 | INFO | src.database.connection | Conectando ao banco de dados
2026-03-27 00:50:34,412 | INFO | src.database.connection | Conectando ao banco de dados
2026-03-27 00:50:34,412 | INFO | src.repositories.categorias_repository | Buscando nomes das categorias no banco de dados
2026-03-27 00:50:35,029 | INFO | __main__ | Página selecionada: Transações
2026-03-27 00:50:35,032 | INFO | src.database.connection | Conectando ao banco de dados
2026-03-27 00:50:35,032 | INFO | src.repositories.categorias_repository | Buscando nomes das categorias no banco de dados
2026-03-27 00:50:40,390 | INFO | __main__ | Aplicação iniciada
2026-03-27 00:50:40,392 | INFO | __main__ | Página selecionada: Resumo
2026-03-27 00:50:42,237 | INFO | __main__ | Página selecionada: Transações
2026-03-27 00:50:42,238 | INFO | src.database.connection | Conectando ao banco de dados
2026-03-27 00:50:42,239 | INFO | src.database.connection | Conectando ao banco de dados
2026-03-27 00:50:42,240 | INFO | src.repositories.categorias_repository | Buscando nomes das categorias no banco de dados
2026-03-27 00:50:43,085 | INFO | __main__ | Página selecionada: Transações
2026-03-27 00:50:43,088 | INFO | src.database.connection | Conectando ao banco de dados
2026-03-27 00:50:43,089 | INFO | src.repositories.categorias_repository | Buscando nomes das categorias no banco de dados
2026-03-27 00:51:24,188 | INFO | __main__ | Página selecionada: Transações
2026-03-27 00:51:28,182 | INFO | __main__ | Página selecionada: Transações
2026-03-27 00:51:44,237 | INFO | __main__ | Aplicação iniciada
2026-03-27 00:51:44,238 | INFO | __main__ | Página selecionada: Resumo
2026-03-27 00:51:46,093 | INFO | __main__ | Página selecionada: Resumo
2026-03-27 00:51:46,353 | INFO | __main__ | Página selecionada: Transações
2026-03-27 00:51:46,354 | INFO | src.database.connection | Conectando ao banco de dados
2026-03-27 00:51:46,355 | INFO | src.database.connection | Conectando ao banco de dados
2026-03-27 00:51:46,356 | INFO | src.repositories.categorias_repository | Buscando nomes das categorias no banco de dados
2026-03-27 00:51:47,022 | INFO | __main__ | Página selecionada: Transações
2026-03-27 00:51:47,025 | INFO | src.database.connection | Conectando ao banco de dados
2026-03-27 00:51:47,026 | INFO | src.repositories.categorias_repository | Buscando nomes das categorias no banco de dados
2026-03-27 00:51:50,349 | INFO | __main__ | Página selecionada: Transações
2026-03-27 00:51:50,354 | INFO | src.database.connection | Conectando ao banco de dados
2026-03-27 00:51:50,365 | INFO | src.database.connection | Conectando ao banco de dados
2026-03-27 00:51:50,405 | INFO | __main__ | Página selecionada: Transações
2026-03-27 00:52:21,359 | INFO | __main__ | Página selecionada: Categorias
2026-03-27 00:52:21,359 | INFO | src.database.connection | Conectando ao banco de dados
2026-03-27 00:52:21,360 | INFO | src.repositories.categorias_repository | Buscando categorias completas no banco de dados
2026-03-27 00:52:22,810 | INFO | __main__ | Página selecionada: Transações
2026-03-27 00:52:27,300 | INFO | __main__ | Página selecionada: Categorias
2026-03-27 00:52:30,257 | INFO | __main__ | Página selecionada: Transações
2026-03-27 00:52:30,875 | INFO | __main__ | Página selecionada: Resumo
2026-03-27 00:52:31,233 | INFO | __main__ | Página selecionada: Transações
2026-03-27 01:13:42,087 | INFO | __main__ | Aplicação iniciada
2026-03-27 01:13:42,088 | INFO | src.database.init_db | Inicializando banco de dados
2026-03-27 01:13:42,088 | INFO | src.database.connection | Conectando ao banco de dados
2026-03-27 01:13:42,090 | INFO | src.database.init_db | Tabelas criadas no banco
2026-03-27 01:13:42,095 | INFO | __main__ | Página selecionada: Resumo
2026-03-27 01:13:46,519 | INFO | __main__ | Página selecionada: Transações
2026-03-27 01:13:46,519 | INFO | src.database.connection | Conectando ao banco de dados
2026-03-27 01:13:46,524 | INFO | src.database.connection | Conectando ao banco de dados
2026-03-27 01:13:46,525 | INFO | src.repositories.categorias_repository | Buscando nomes das categorias no banco de dados
2026-03-27 01:15:01,936 | INFO | __main__ | Página selecionada: Transações
2026-03-27 01:15:01,939 | INFO | src.database.connection | Conectando ao banco de dados
2026-03-27 01:15:01,940 | INFO | src.repositories.categorias_repository | Buscando nomes das categorias no banco de dados
2026-03-27 01:15:05,551 | INFO | __main__ | Página selecionada: Transações
2026-03-27 01:15:10,575 | INFO | __main__ | Página selecionada: Transações
2026-03-27 01:15:10,582 | INFO | src.database.connection | Conectando ao banco de dados
2026-03-27 01:15:10,602 | INFO | src.database.connection | Conectando ao banco de dados
2026-03-27 01:15:10,653 | INFO | __main__ | Página selecionada: Transações
2026-03-27 01:22:47,394 | INFO | __main__ | Aplicação iniciada
2026-03-27 01:22:47,396 | INFO | __main__ | Página selecionada: Resumo
2026-03-27 01:22:49,818 | INFO | __main__ | Página selecionada: Transações
2026-03-27 01:22:49,818 | INFO | src.database.connection | Conectando ao banco de dados
2026-03-27 01:22:49,821 | INFO | src.database.connection | Conectando ao banco de dados
2026-03-27 01:22:49,822 | INFO | src.repositories.categorias_repository | Buscando nomes das categorias no banco de dados
2026-03-27 01:23:33,905 | INFO | __main__ | Aplicação iniciada
2026-03-27 01:23:33,907 | INFO | __main__ | Página selecionada: Resumo
2026-03-27 01:23:35,318 | INFO | __main__ | Página selecionada: Transações
2026-03-27 01:23:35,318 | INFO | src.database.connection | Conectando ao banco de dados
2026-03-27 01:23:35,321 | INFO | src.database.connection | Conectando ao banco de dados
2026-03-27 01:23:35,322 | INFO | src.repositories.categorias_repository | Buscando nomes das categorias no banco de dados
2026-03-27 01:25:05,001 | INFO | __main__ | Página selecionada: Transações
2026-03-27 01:25:05,005 | INFO | src.database.connection | Conectando ao banco de dados
2026-03-27 01:25:05,005 | INFO | src.repositories.categorias_repository | Buscando nomes das categorias no banco de dados
2026-03-27 01:25:07,506 | INFO | __main__ | Página selecionada: Transações
2026-03-27 01:25:07,554 | INFO | __main__ | Página selecionada: Transações
2026-03-27 01:25:46,191 | INFO | __main__ | Página selecionada: Transações
2026-03-27 01:25:46,195 | INFO | src.database.connection | Conectando ao banco de dados
2026-03-27 01:25:46,196 | INFO | src.repositories.categorias_repository | Buscando nomes das categorias no banco de dados
2026-03-27 01:30:50,441 | INFO | __main__ | Aplicação iniciada
2026-03-27 01:30:50,443 | INFO | __main__ | Página selecionada: Resumo
2026-03-27 01:30:54,323 | INFO | __main__ | Página selecionada: Transações
2026-03-27 01:30:54,323 | INFO | src.database.connection | Conectando ao banco de dados
2026-03-27 01:30:54,327 | INFO | src.database.connection | Conectando ao banco de dados
2026-03-27 01:30:54,327 | INFO | src.repositories.categorias_repository | Buscando nomes das categorias no banco de dados
2026-03-27 01:30:55,378 | INFO | __main__ | Página selecionada: Transações
2026-03-27 01:30:55,382 | INFO | src.database.connection | Conectando ao banco de dados
2026-03-27 01:30:55,383 | INFO | src.repositories.categorias_repository | Buscando nomes das categorias no banco de dados
2026-03-27 01:31:14,818 | INFO | src.database.connection | Conectando ao banco de dados
2026-03-27 01:31:14,851 | INFO | src.database.connection | Conectando ao banco de dados
2026-03-27 01:31:14,890 | INFO | __main__ | Página selecionada: Transações
2026-03-27 01:31:20,323 | INFO | __main__ | Página selecionada: Transações
2026-03-27 01:31:20,327 | INFO | src.database.connection | Conectando ao banco de dados
2026-03-27 01:31:20,327 | INFO | src.repositories.categorias_repository | Buscando nomes das categorias no banco de dados
2026-03-27 01:31:22,100 | INFO | __main__ | Página selecionada: Transações
2026-03-27 01:31:22,104 | INFO | src.database.connection | Conectando ao banco de dados
2026-03-27 01:31:22,105 | INFO | src.repositories.categorias_repository | Buscando nomes das categorias no banco de dados
2026-03-27 01:31:25,745 | INFO | __main__ | Página selecionada: Transações
2026-03-27 01:31:25,748 | INFO | src.database.connection | Conectando ao banco de dados
2026-03-27 01:31:25,749 | INFO | src.repositories.categorias_repository | Buscando nomes das categorias no banco de dados
2026-03-27 01:31:29,449 | INFO | __main__ | Página selecionada: Transações
2026-03-27 01:31:29,453 | INFO | src.database.connection | Conectando ao banco de dados
2026-03-27 01:31:29,454 | INFO | src.repositories.categorias_repository | Buscando nomes das categorias no banco de dados
2026-03-27 01:34:26,279 | INFO | __main__ | Aplicação iniciada
2026-03-27 01:34:26,280 | INFO | __main__ | Página selecionada: Resumo
2026-03-27 01:34:29,420 | INFO | __main__ | Página selecionada: Transações
2026-03-27 01:34:29,421 | INFO | src.database.connection | Conectando ao banco de dados
2026-03-27 01:34:29,424 | INFO | src.database.connection | Conectando ao banco de dados
2026-03-27 01:34:29,424 | INFO | src.repositories.categorias_repository | Buscando nomes das categorias no banco de dados
2026-03-27 01:34:30,612 | INFO | __main__ | Página selecionada: Transações
2026-03-27 01:34:30,616 | INFO | src.database.connection | Conectando ao banco de dados
2026-03-27 01:34:30,616 | INFO | src.repositories.categorias_repository | Buscando nomes das categorias no banco de dados
2026-03-27 01:34:44,292 | INFO | __main__ | Página selecionada: Transações
2026-03-27 01:34:44,295 | INFO | src.database.connection | Conectando ao banco de dados
2026-03-27 01:34:44,296 | INFO | src.repositories.categorias_repository | Buscando nomes das categorias no banco de dados
2026-03-27 01:37:34,259 | INFO | __main__ | Aplicação iniciada
2026-03-27 01:37:34,261 | INFO | __main__ | Página selecionada: Resumo
2026-03-27 01:37:36,050 | INFO | __main__ | Página selecionada: Transações
2026-03-27 01:37:36,051 | INFO | src.database.connection | Conectando ao banco de dados
2026-03-27 01:37:36,053 | INFO | src.database.connection | Conectando ao banco de dados
2026-03-27 01:37:36,054 | INFO | src.repositories.categorias_repository | Buscando nomes das categorias no banco de dados
2026-03-27 01:37:36,817 | INFO | __main__ | Página selecionada: Transações
2026-03-27 01:37:36,821 | INFO | src.database.connection | Conectando ao banco de dados
2026-03-27 01:37:36,821 | INFO | src.repositories.categorias_repository | Buscando nomes das categorias no banco de dados
2026-03-27 01:37:37,722 | INFO | __main__ | Página selecionada: Transações
2026-03-27 01:37:38,449 | INFO | __main__ | Página selecionada: Transações
2026-03-27 01:37:38,453 | INFO | src.database.connection | Conectando ao banco de dados
2026-03-27 01:37:38,454 | INFO | src.repositories.categorias_repository | Buscando nomes das categorias no banco de dados
2026-03-27 01:37:46,351 | INFO | src.database.connection | Conectando ao banco de dados
2026-03-27 01:37:46,358 | INFO | src.database.connection | Conectando ao banco de dados
2026-03-27 01:37:46,396 | INFO | __main__ | Página selecionada: Transações
2026-03-27 01:37:47,261 | INFO | __main__ | Página selecionada: Transações
2026-03-27 01:37:47,265 | INFO | src.database.connection | Conectando ao banco de dados
2026-03-27 01:37:47,265 | INFO | src.repositories.categorias_repository | Buscando nomes das categorias no banco de dados
2026-03-27 01:39:09,794 | INFO | __main__ | Aplicação iniciada
2026-03-27 01:39:09,795 | INFO | __main__ | Página selecionada: Resumo
2026-03-27 01:39:11,450 | INFO | __main__ | Página selecionada: Transações
2026-03-27 01:39:11,450 | INFO | src.database.connection | Conectando ao banco de dados
2026-03-27 01:39:11,453 | INFO | src.database.connection | Conectando ao banco de dados
2026-03-27 01:39:11,454 | INFO | src.repositories.categorias_repository | Buscando nomes das categorias no banco de dados
2026-03-27 01:39:12,851 | INFO | __main__ | Página selecionada: Transações
2026-03-27 01:39:12,855 | INFO | src.database.connection | Conectando ao banco de dados
2026-03-27 01:39:12,855 | INFO | src.repositories.categorias_repository | Buscando nomes das categorias no banco de dados
2026-03-27 01:39:27,017 | INFO | src.database.connection | Conectando ao banco de dados
2026-03-27 01:39:27,022 | INFO | src.database.connection | Conectando ao banco de dados
2026-03-27 01:39:27,071 | INFO | __main__ | Página selecionada: Transações
2026-03-27 01:39:31,984 | INFO | __main__ | Página selecionada: Transações
2026-03-27 01:39:31,987 | INFO | src.database.connection | Conectando ao banco de dados
2026-03-27 01:39:31,988 | INFO | src.repositories.categorias_repository | Buscando nomes das categorias no banco de dados
2026-03-27 01:39:34,114 | INFO | __main__ | Página selecionada: Transações
2026-03-27 01:39:34,118 | INFO | src.database.connection | Conectando ao banco de dados
2026-03-27 01:39:34,119 | INFO | src.repositories.categorias_repository | Buscando nomes das categorias no banco de dados
2026-03-27 01:39:37,413 | INFO | __main__ | Página selecionada: Transações
2026-03-27 01:39:37,418 | INFO | src.database.connection | Conectando ao banco de dados
2026-03-27 01:39:37,418 | INFO | src.repositories.categorias_repository | Buscando nomes das categorias no banco de dados
2026-03-27 01:40:23,594 | INFO | __main__ | Aplicação iniciada
2026-03-27 01:40:23,596 | INFO | __main__ | Página selecionada: Resumo
2026-03-27 01:40:24,698 | INFO | __main__ | Página selecionada: Transações
2026-03-27 01:40:24,698 | INFO | src.database.connection | Conectando ao banco de dados
2026-03-27 01:40:24,701 | INFO | src.database.connection | Conectando ao banco de dados
2026-03-27 01:40:24,701 | INFO | src.repositories.categorias_repository | Buscando nomes das categorias no banco de dados
2026-03-27 01:40:25,353 | INFO | __main__ | Página selecionada: Transações
2026-03-27 01:40:25,357 | INFO | src.database.connection | Conectando ao banco de dados
2026-03-27 01:40:25,357 | INFO | src.repositories.categorias_repository | Buscando nomes das categorias no banco de dados
2026-03-27 01:40:27,199 | INFO | __main__ | Página selecionada: Transações
2026-03-27 01:40:27,203 | INFO | src.database.connection | Conectando ao banco de dados
2026-03-27 01:40:27,203 | INFO | src.repositories.categorias_repository | Buscando nomes das categorias no banco de dados
2026-03-27 01:40:29,366 | INFO | __main__ | Página selecionada: Transações
2026-03-27 01:40:29,370 | INFO | src.database.connection | Conectando ao banco de dados
2026-03-27 01:40:29,370 | INFO | src.repositories.categorias_repository | Buscando nomes das categorias no banco de dados
2026-03-27 01:40:56,646 | INFO | __main__ | Aplicação iniciada
2026-03-27 01:40:56,648 | INFO | __main__ | Página selecionada: Resumo
2026-03-27 01:40:58,020 | INFO | __main__ | Página selecionada: Transações
2026-03-27 01:40:58,020 | INFO | src.database.connection | Conectando ao banco de dados
2026-03-27 01:40:58,022 | INFO | src.database.connection | Conectando ao banco de dados
2026-03-27 01:40:58,023 | INFO | src.repositories.categorias_repository | Buscando nomes das categorias no banco de dados
2026-03-27 01:40:58,616 | INFO | __main__ | Página selecionada: Transações
2026-03-27 01:40:58,619 | INFO | src.database.connection | Conectando ao banco de dados
2026-03-27 01:40:58,620 | INFO | src.repositories.categorias_repository | Buscando nomes das categorias no banco de dados
2026-03-27 01:41:01,484 | INFO | __main__ | Página selecionada: Transações
2026-03-27 01:41:02,103 | INFO | __main__ | Página selecionada: Transações
2026-03-27 01:41:02,106 | INFO | src.database.connection | Conectando ao banco de dados
2026-03-27 01:41:02,107 | INFO | src.repositories.categorias_repository | Buscando nomes das categorias no banco de dados
2026-03-27 01:41:07,601 | INFO | __main__ | Página selecionada: Transações
2026-03-27 01:41:08,560 | INFO | __main__ | Página selecionada: Transações
2026-03-27 01:41:08,564 | INFO | src.database.connection | Conectando ao banco de dados
2026-03-27 01:41:08,565 | INFO | src.repositories.categorias_repository | Buscando nomes das categorias no banco de dados
2026-03-27 01:41:09,699 | INFO | __main__ | Página selecionada: Transações
2026-03-27 01:41:21,048 | INFO | __main__ | Página selecionada: Transações
2026-03-27 01:41:21,051 | INFO | src.database.connection | Conectando ao banco de dados
2026-03-27 01:41:21,052 | INFO | src.repositories.categorias_repository | Buscando nomes das categorias no banco de dados
2026-03-27 01:41:38,882 | INFO | src.database.connection | Conectando ao banco de dados
2026-03-27 01:41:38,886 | INFO | src.database.connection | Conectando ao banco de dados
2026-03-27 01:41:38,927 | INFO | __main__ | Página selecionada: Transações
2026-03-27 01:46:09,802 | INFO | __main__ | Aplicação iniciada
2026-03-27 01:46:09,805 | INFO | __main__ | Página selecionada: Resumo
2026-03-27 01:46:10,773 | INFO | __main__ | Página selecionada: Transações
2026-03-27 01:46:10,774 | INFO | src.database.connection | Conectando ao banco de dados
2026-03-27 01:46:10,778 | INFO | src.database.connection | Conectando ao banco de dados
2026-03-27 01:46:10,778 | INFO | src.repositories.categorias_repository | Buscando nomes das categorias no banco de dados
2026-03-27 01:46:13,668 | INFO | __main__ | Página selecionada: Transações
2026-03-27 01:46:13,672 | INFO | src.database.connection | Conectando ao banco de dados
2026-03-27 01:46:13,672 | INFO | src.repositories.categorias_repository | Buscando nomes das categorias no banco de dados
2026-03-27 01:46:36,131 | INFO | __main__ | Aplicação iniciada
2026-03-27 01:46:36,133 | INFO | __main__ | Página selecionada: Resumo
2026-03-27 01:46:38,057 | INFO | __main__ | Página selecionada: Transações
2026-03-27 01:46:38,058 | INFO | src.database.connection | Conectando ao banco de dados
2026-03-27 01:46:38,061 | INFO | src.database.connection | Conectando ao banco de dados
2026-03-27 01:46:38,062 | INFO | src.repositories.categorias_repository | Buscando nomes das categorias no banco de dados
2026-03-27 01:46:38,691 | INFO | __main__ | Página selecionada: Transações
2026-03-27 01:46:38,694 | INFO | src.database.connection | Conectando ao banco de dados
2026-03-27 01:46:38,694 | INFO | src.repositories.categorias_repository | Buscando nomes das categorias no banco de dados
2026-03-27 01:46:45,476 | INFO | src.database.connection | Conectando ao banco de dados
2026-03-27 01:46:45,508 | INFO | src.database.connection | Conectando ao banco de dados
2026-03-27 01:46:45,608 | INFO | __main__ | Página selecionada: Transações
2026-03-27 01:48:01,993 | INFO | __main__ | Aplicação iniciada
2026-03-27 01:48:01,994 | INFO | __main__ | Página selecionada: Resumo
2026-03-27 01:48:03,507 | INFO | __main__ | Página selecionada: Transações
2026-03-27 01:48:03,507 | INFO | src.database.connection | Conectando ao banco de dados
2026-03-27 01:48:03,510 | INFO | src.database.connection | Conectando ao banco de dados
2026-03-27 01:48:03,511 | INFO | src.repositories.categorias_repository | Buscando nomes das categorias no banco de dados
2026-03-27 01:48:05,635 | INFO | __main__ | Página selecionada: Transações
2026-03-27 01:48:05,638 | INFO | src.database.connection | Conectando ao banco de dados
2026-03-27 01:48:05,639 | INFO | src.repositories.categorias_repository | Buscando nomes das categorias no banco de dados
2026-03-27 01:48:09,564 | INFO | src.database.connection | Conectando ao banco de dados
2026-03-27 01:48:09,591 | INFO | src.database.connection | Conectando ao banco de dados
2026-03-27 01:48:09,631 | INFO | __main__ | Página selecionada: Transações
2026-03-27 01:48:22,713 | INFO | __main__ | Aplicação iniciada
2026-03-27 01:48:22,714 | INFO | __main__ | Página selecionada: Resumo
2026-03-27 01:48:25,405 | INFO | __main__ | Página selecionada: Transações
2026-03-27 01:48:25,406 | INFO | src.database.connection | Conectando ao banco de dados
2026-03-27 01:48:25,409 | INFO | src.database.connection | Conectando ao banco de dados
2026-03-27 01:48:25,409 | INFO | src.repositories.categorias_repository | Buscando nomes das categorias no banco de dados
2026-03-27 01:48:26,589 | INFO | __main__ | Página selecionada: Transações
2026-03-27 01:48:26,593 | INFO | src.database.connection | Conectando ao banco de dados
2026-03-27 01:48:26,593 | INFO | src.repositories.categorias_repository | Buscando nomes das categorias no banco de dados
2026-03-27 01:48:30,190 | INFO | src.database.connection | Conectando ao banco de dados
2026-03-27 01:48:30,195 | INFO | src.database.connection | Conectando ao banco de dados
2026-03-27 01:48:30,243 | INFO | __main__ | Página selecionada: Transações
2026-03-27 01:50:12,193 | INFO | __main__ | Página selecionada: Transações
2026-03-27 01:50:12,196 | INFO | src.database.connection | Conectando ao banco de dados
2026-03-27 01:50:12,196 | INFO | src.repositories.categorias_repository | Buscando nomes das categorias no banco de dados
2026-03-27 01:52:35,985 | INFO | __main__ | Aplicação iniciada
2026-03-27 01:52:35,986 | INFO | __main__ | Página selecionada: Resumo
2026-03-27 01:52:37,457 | INFO | __main__ | Página selecionada: Transações
2026-03-27 01:52:37,457 | INFO | src.database.connection | Conectando ao banco de dados
2026-03-27 01:52:37,461 | INFO | src.database.connection | Conectando ao banco de dados
2026-03-27 01:52:37,461 | INFO | src.repositories.categorias_repository | Buscando nomes das categorias no banco de dados
2026-03-27 01:52:38,431 | INFO | __main__ | Página selecionada: Transações
2026-03-27 01:52:38,435 | INFO | src.database.connection | Conectando ao banco de dados
2026-03-27 01:52:38,435 | INFO | src.repositories.categorias_repository | Buscando nomes das categorias no banco de dados
2026-03-27 01:52:42,121 | INFO | src.database.connection | Conectando ao banco de dados
2026-03-27 01:52:42,125 | INFO | src.database.connection | Conectando ao banco de dados
2026-03-27 01:52:42,169 | INFO | __main__ | Página selecionada: Transações
2026-03-27 01:52:59,837 | INFO | __main__ | Página selecionada: Transações
2026-03-27 01:52:59,840 | INFO | src.database.connection | Conectando ao banco de dados
2026-03-27 01:52:59,840 | INFO | src.repositories.categorias_repository | Buscando nomes das categorias no banco de dados
2026-03-27 01:53:31,145 | INFO | __main__ | Aplicação iniciada
2026-03-27 01:53:31,147 | INFO | __main__ | Página selecionada: Resumo
2026-03-27 01:53:33,100 | INFO | __main__ | Página selecionada: Transações
2026-03-27 01:53:33,100 | INFO | src.database.connection | Conectando ao banco de dados
2026-03-27 01:53:33,104 | INFO | src.database.connection | Conectando ao banco de dados
2026-03-27 01:53:33,104 | INFO | src.repositories.categorias_repository | Buscando nomes das categorias no banco de dados
2026-03-27 01:55:41,895 | INFO | __main__ | Aplicação iniciada
2026-03-27 01:55:41,898 | INFO | __main__ | Página selecionada: Resumo
2026-03-27 01:55:42,797 | INFO | __main__ | Página selecionada: Transações
2026-03-27 01:55:42,797 | INFO | src.database.connection | Conectando ao banco de dados
2026-03-27 01:55:42,801 | INFO | src.database.connection | Conectando ao banco de dados
2026-03-27 01:55:42,802 | INFO | src.repositories.categorias_repository | Buscando nomes das categorias no banco de dados
2026-03-27 01:56:41,059 | INFO | __main__ | Aplicação iniciada
2026-03-27 01:56:41,061 | INFO | __main__ | Página selecionada: Resumo
2026-03-27 01:56:43,064 | INFO | __main__ | Página selecionada: Transações
2026-03-27 01:56:43,064 | INFO | src.database.connection | Conectando ao banco de dados
2026-03-27 01:56:43,068 | INFO | src.database.connection | Conectando ao banco de dados
2026-03-27 01:56:43,068 | INFO | src.repositories.categorias_repository | Buscando nomes das categorias no banco de dados
2026-03-27 01:56:44,629 | INFO | __main__ | Página selecionada: Transações
2026-03-27 01:56:44,634 | INFO | src.database.connection | Conectando ao banco de dados
2026-03-27 01:56:44,634 | INFO | src.repositories.categorias_repository | Buscando nomes das categorias no banco de dados
2026-03-27 01:56:49,424 | INFO | src.database.connection | Conectando ao banco de dados
2026-03-27 01:56:49,429 | INFO | src.database.connection | Conectando ao banco de dados
2026-03-27 01:56:49,471 | INFO | __main__ | Página selecionada: Transações
2026-03-27 01:56:50,423 | INFO | __main__ | Página selecionada: Transações
2026-03-27 01:56:50,428 | INFO | src.database.connection | Conectando ao banco de dados
2026-03-27 01:56:50,428 | INFO | src.repositories.categorias_repository | Buscando nomes das categorias no banco de dados
2026-03-27 01:56:50,903 | INFO | __main__ | Página selecionada: Transações
2026-03-27 01:56:50,907 | INFO | src.database.connection | Conectando ao banco de dados
2026-03-27 01:56:50,907 | INFO | src.repositories.categorias_repository | Buscando nomes das categorias no banco de dados
2026-03-27 01:56:51,063 | INFO | __main__ | Página selecionada: Transações
2026-03-27 01:56:51,067 | INFO | src.database.connection | Conectando ao banco de dados
2026-03-27 01:56:51,068 | INFO | src.repositories.categorias_repository | Buscando nomes das categorias no banco de dados
2026-03-27 01:56:52,088 | INFO | __main__ | Página selecionada: Transações
2026-03-27 01:56:52,093 | INFO | src.database.connection | Conectando ao banco de dados
2026-03-27 01:56:52,094 | INFO | src.repositories.categorias_repository | Buscando nomes das categorias no banco de dados
2026-03-27 01:56:55,196 | INFO | __main__ | Página selecionada: Transações
2026-03-27 01:56:55,201 | INFO | src.database.connection | Conectando ao banco de dados
2026-03-27 01:56:55,201 | INFO | src.repositories.categorias_repository | Buscando nomes das categorias no banco de dados
2026-03-27 01:57:38,909 | INFO | __main__ | Aplicação iniciada
2026-03-27 01:57:38,911 | INFO | __main__ | Página selecionada: Resumo
2026-03-27 01:57:41,102 | INFO | __main__ | Página selecionada: Transações
2026-03-27 01:57:41,128 | INFO | src.database.connection | Conectando ao banco de dados
2026-03-27 01:57:41,139 | INFO | src.database.connection | Conectando ao banco de dados
2026-03-27 01:57:41,140 | INFO | src.repositories.categorias_repository | Buscando nomes das categorias no banco de dados
2026-03-27 01:59:21,018 | INFO | __main__ | Aplicação iniciada
2026-03-27 01:59:21,020 | INFO | __main__ | Página selecionada: Resumo
2026-03-27 01:59:23,294 | INFO | __main__ | Página selecionada: Transações
2026-03-27 01:59:23,294 | INFO | src.database.connection | Conectando ao banco de dados
2026-03-27 01:59:23,298 | INFO | src.database.connection | Conectando ao banco de dados
2026-03-27 01:59:23,298 | INFO | src.repositories.categorias_repository | Buscando nomes das categorias no banco de dados
2026-03-27 01:59:24,187 | INFO | __main__ | Página selecionada: Transações
2026-03-27 01:59:24,192 | INFO | src.database.connection | Conectando ao banco de dados
2026-03-27 01:59:24,192 | INFO | src.repositories.categorias_repository | Buscando nomes das categorias no banco de dados
2026-03-27 01:59:25,328 | INFO | __main__ | Página selecionada: Transações
2026-03-27 01:59:25,332 | INFO | src.database.connection | Conectando ao banco de dados
2026-03-27 01:59:25,333 | INFO | src.repositories.categorias_repository | Buscando nomes das categorias no banco de dados
2026-03-27 01:59:25,477 | INFO | __main__ | Página selecionada: Transações
2026-03-27 01:59:25,482 | INFO | src.database.connection | Conectando ao banco de dados
2026-03-27 01:59:25,482 | INFO | src.repositories.categorias_repository | Buscando nomes das categorias no banco de dados
2026-03-27 01:59:42,292 | INFO | __main__ | Página selecionada: Transações
2026-03-27 01:59:42,297 | INFO | src.database.connection | Conectando ao banco de dados
2026-03-27 01:59:42,297 | INFO | src.repositories.categorias_repository | Buscando nomes das categorias no banco de dados
2026-03-27 01:59:43,563 | INFO | __main__ | Página selecionada: Transações
2026-03-27 01:59:44,017 | INFO | __main__ | Página selecionada: Transações
2026-03-27 01:59:44,022 | INFO | src.database.connection | Conectando ao banco de dados
2026-03-27 01:59:44,022 | INFO | src.repositories.categorias_repository | Buscando nomes das categorias no banco de dados
2026-03-27 01:59:44,445 | INFO | __main__ | Página selecionada: Transações
2026-03-27 01:59:44,449 | INFO | src.database.connection | Conectando ao banco de dados
2026-03-27 01:59:44,450 | INFO | src.repositories.categorias_repository | Buscando nomes das categorias no banco de dados
2026-03-27 01:59:44,716 | INFO | __main__ | Página selecionada: Transações
2026-03-27 01:59:44,721 | INFO | src.database.connection | Conectando ao banco de dados
2026-03-27 01:59:44,721 | INFO | src.repositories.categorias_repository | Buscando nomes das categorias no banco de dados
2026-03-27 02:00:29,236 | INFO | __main__ | Aplicação iniciada
2026-03-27 02:00:29,237 | INFO | __main__ | Página selecionada: Resumo
2026-03-27 02:00:30,893 | INFO | __main__ | Página selecionada: Transações
2026-03-27 02:00:30,893 | INFO | src.database.connection | Conectando ao banco de dados
2026-03-27 02:00:30,897 | INFO | src.database.connection | Conectando ao banco de dados
2026-03-27 02:00:30,897 | INFO | src.repositories.categorias_repository | Buscando nomes das categorias no banco de dados
2026-03-27 02:00:31,740 | INFO | __main__ | Página selecionada: Transações
2026-03-27 02:00:31,745 | INFO | src.database.connection | Conectando ao banco de dados
2026-03-27 02:00:31,745 | INFO | src.repositories.categorias_repository | Buscando nomes das categorias no banco de dados
2026-03-27 02:01:02,778 | INFO | __main__ | Página selecionada: Transações
2026-03-27 02:01:06,269 | INFO | __main__ | Página selecionada: Transações
2026-03-27 02:01:06,274 | INFO | src.database.connection | Conectando ao banco de dados
2026-03-27 02:01:06,275 | INFO | src.repositories.categorias_repository | Buscando nomes das categorias no banco de dados
2026-03-27 02:01:07,130 | INFO | __main__ | Página selecionada: Transações
2026-03-27 02:10:40,149 | INFO | __main__ | Aplicação iniciada
2026-03-27 02:10:40,151 | INFO | __main__ | Página selecionada: Resumo
2026-03-27 02:10:41,782 | INFO | __main__ | Página selecionada: Transações
2026-03-27 02:10:41,782 | INFO | src.database.connection | Conectando ao banco de dados
2026-03-27 02:10:41,786 | INFO | src.database.connection | Conectando ao banco de dados
2026-03-27 02:10:41,786 | INFO | src.repositories.categorias_repository | Buscando nomes das categorias no banco de dados
2026-03-27 02:10:42,928 | INFO | __main__ | Página selecionada: Transações
2026-03-27 02:10:42,933 | INFO | src.database.connection | Conectando ao banco de dados
2026-03-27 02:10:42,933 | INFO | src.repositories.categorias_repository | Buscando nomes das categorias no banco de dados
2026-03-27 02:10:50,252 | INFO | __main__ | Página selecionada: Transações
2026-03-27 02:10:51,335 | INFO | __main__ | Página selecionada: Transações
2026-03-27 02:10:51,340 | INFO | src.database.connection | Conectando ao banco de dados
2026-03-27 02:10:51,341 | INFO | src.repositories.categorias_repository | Buscando nomes das categorias no banco de dados
2026-03-27 02:12:02,772 | INFO | __main__ | Aplicação iniciada
2026-03-27 02:12:02,773 | INFO | __main__ | Página selecionada: Resumo
2026-03-27 02:12:04,347 | INFO | __main__ | Página selecionada: Transações
2026-03-27 02:12:04,348 | INFO | src.database.connection | Conectando ao banco de dados
2026-03-27 02:12:04,351 | INFO | src.database.connection | Conectando ao banco de dados
2026-03-27 02:12:04,352 | INFO | src.repositories.categorias_repository | Buscando nomes das categorias no banco de dados
2026-03-27 02:12:05,067 | INFO | __main__ | Página selecionada: Transações
2026-03-27 02:12:05,073 | INFO | src.database.connection | Conectando ao banco de dados
2026-03-27 02:12:05,073 | INFO | src.repositories.categorias_repository | Buscando nomes das categorias no banco de dados
2026-03-27 02:12:12,586 | INFO | __main__ | Aplicação iniciada
2026-03-27 02:12:12,588 | INFO | __main__ | Página selecionada: Resumo
2026-03-27 02:12:13,987 | INFO | __main__ | Página selecionada: Transações
2026-03-27 02:12:13,987 | INFO | src.database.connection | Conectando ao banco de dados
2026-03-27 02:12:13,991 | INFO | src.database.connection | Conectando ao banco de dados
2026-03-27 02:12:13,991 | INFO | src.repositories.categorias_repository | Buscando nomes das categorias no banco de dados
2026-03-27 02:12:14,749 | INFO | __main__ | Página selecionada: Transações
2026-03-27 02:12:14,754 | INFO | src.database.connection | Conectando ao banco de dados
2026-03-27 02:12:14,754 | INFO | src.repositories.categorias_repository | Buscando nomes das categorias no banco de dados
2026-03-27 02:12:26,218 | INFO | src.database.connection | Conectando ao banco de dados
2026-03-27 02:17:32,662 | INFO | __main__ | Aplicação iniciada
2026-03-27 02:17:32,663 | INFO | __main__ | Página selecionada: Resumo
2026-03-27 02:17:35,585 | INFO | __main__ | Página selecionada: Transações
2026-03-27 02:17:35,585 | INFO | src.database.connection | Conectando ao banco de dados
2026-03-27 02:17:35,589 | INFO | src.database.connection | Conectando ao banco de dados
2026-03-27 02:17:35,589 | INFO | src.repositories.categorias_repository | Buscando nomes das categorias no banco de dados
2026-03-27 02:17:36,774 | INFO | __main__ | Página selecionada: Transações
2026-03-27 02:17:36,778 | INFO | src.database.connection | Conectando ao banco de dados
2026-03-27 02:17:36,779 | INFO | src.repositories.categorias_repository | Buscando nomes das categorias no banco de dados
2026-03-27 02:17:40,394 | INFO | src.database.connection | Conectando ao banco de dados
2026-03-27 02:17:40,395 | INFO | src.repositories.despesas_repository | Atualizando despesa ID=1
2026-03-27 02:17:40,399 | INFO | src.repositories.despesas_repository | ID=1 atualizada com sucesso
2026-03-27 02:17:40,400 | INFO | src.database.connection | Conectando ao banco de dados
2026-03-27 02:17:40,446 | INFO | __main__ | Página selecionada: Transações
2026-03-27 02:17:42,004 | INFO | __main__ | Página selecionada: Transações
2026-03-27 02:17:42,009 | INFO | src.database.connection | Conectando ao banco de dados
2026-03-27 02:17:42,009 | INFO | src.repositories.categorias_repository | Buscando nomes das categorias no banco de dados
2026-03-27 02:17:47,527 | INFO | src.database.connection | Conectando ao banco de dados
2026-03-27 02:17:47,527 | INFO | src.repositories.despesas_repository | Atualizando despesa ID=4
2026-03-27 02:17:47,531 | INFO | src.repositories.despesas_repository | ID=4 atualizada com sucesso
2026-03-27 02:17:47,531 | INFO | src.database.connection | Conectando ao banco de dados
2026-03-27 02:17:47,577 | INFO | __main__ | Página selecionada: Transações
2026-03-27 02:19:18,359 | INFO | __main__ | Página selecionada: Transações
2026-03-27 02:19:18,363 | INFO | src.repositories.categorias_repository | Buscando nomes das categorias no banco de dados
2026-03-27 02:19:24,910 | INFO | src.repositories.despesas_repository | Excluindo despesa ID=1
2026-03-27 02:19:24,914 | INFO | src.repositories.despesas_repository | ID=1 excluída com sucesso
2026-03-27 02:19:24,964 | INFO | __main__ | Página selecionada: Transações
2026-03-27 02:19:31,639 | INFO | __main__ | Página selecionada: Transações
2026-03-27 02:19:31,644 | INFO | src.repositories.categorias_repository | Buscando nomes das categorias no banco de dados
2026-03-27 02:19:36,076 | INFO | src.repositories.despesas_repository | Excluindo despesa ID=2
2026-03-27 02:19:36,108 | INFO | src.repositories.despesas_repository | ID=2 excluída com sucesso
2026-03-27 02:19:36,149 | INFO | __main__ | Página selecionada: Transações
2026-03-27 02:19:44,372 | INFO | __main__ | Página selecionada: Transações
2026-03-27 02:19:44,376 | INFO | src.repositories.categorias_repository | Buscando nomes das categorias no banco de dados
2026-03-27 02:19:49,920 | INFO | __main__ | Página selecionada: Transações
2026-03-27 02:20:25,451 | INFO | __main__ | Página selecionada: Transações
2026-03-27 02:20:25,456 | INFO | src.repositories.categorias_repository | Buscando nomes das categorias no banco de dados
2026-03-27 02:20:27,257 | INFO | __main__ | Página selecionada: Transações
2026-03-27 02:20:28,016 | INFO | __main__ | Página selecionada: Transações
2026-03-27 02:20:28,020 | INFO | src.repositories.categorias_repository | Buscando nomes das categorias no banco de dados
2026-03-27 02:20:28,756 | INFO | __main__ | Página selecionada: Transações
2026-03-27 02:20:29,004 | INFO | __main__ | Página selecionada: Transações
2026-03-27 02:20:29,009 | INFO | src.repositories.categorias_repository | Buscando nomes das categorias no banco de dados
2026-03-27 02:20:35,159 | INFO | src.repositories.despesas_repository | Atualizando despesa ID=6
2026-03-27 02:20:35,170 | INFO | src.repositories.despesas_repository | ID=6 atualizada com sucesso
2026-03-27 02:20:35,210 | INFO | __main__ | Página selecionada: Transações
2026-03-27 02:20:37,736 | INFO | __main__ | Página selecionada: Transações
2026-03-27 02:20:37,741 | INFO | src.repositories.categorias_repository | Buscando nomes das categorias no banco de dados
2026-03-27 02:20:41,624 | INFO | src.repositories.despesas_repository | Atualizando despesa ID=11
2026-03-27 02:20:41,657 | INFO | src.repositories.despesas_repository | ID=11 atualizada com sucesso
2026-03-27 02:20:41,697 | INFO | __main__ | Página selecionada: Transações
2026-03-27 02:22:52,319 | INFO | __main__ | Página selecionada: Categorias
2026-03-27 02:22:52,319 | INFO | src.repositories.categorias_repository | Buscando categorias completas no banco de dados
2026-03-27 02:22:53,097 | INFO | __main__ | Página selecionada: Transações
2026-03-27 02:22:54,036 | INFO | __main__ | Página selecionada: Categorias
2026-03-27 02:22:55,691 | INFO | __main__ | Página selecionada: Transações
2026-03-27 02:22:58,076 | INFO | __main__ | Página selecionada: Resumo
2026-03-27 02:22:58,698 | INFO | __main__ | Página selecionada: Transações
2026-03-27 02:23:25,880 | INFO | __main__ | Aplicação iniciada
2026-03-27 02:23:25,882 | INFO | __main__ | Página selecionada: Resumo
2026-03-27 02:23:28,032 | INFO | __main__ | Página selecionada: Transações
2026-03-27 02:23:28,036 | INFO | src.repositories.categorias_repository | Buscando nomes das categorias no banco de dados
2026-03-27 02:23:59,078 | INFO | __main__ | Aplicação iniciada
2026-03-27 02:23:59,079 | INFO | __main__ | Página selecionada: Resumo
2026-03-27 02:24:01,413 | INFO | __main__ | Página selecionada: Transações
2026-03-27 02:24:01,418 | INFO | src.repositories.categorias_repository | Buscando nomes das categorias no banco de dados
2026-03-27 02:27:02,926 | INFO | __main__ | Aplicação iniciada
2026-03-27 02:27:02,927 | INFO | __main__ | Página selecionada: Resumo
2026-03-27 02:27:11,931 | INFO | __main__ | Página selecionada: Transações
2026-03-27 02:27:11,935 | INFO | src.repositories.categorias_repository | Buscando nomes das categorias no banco de dados
2026-03-27 02:27:18,527 | INFO | __main__ | Página selecionada: Transações
2026-03-27 02:27:21,525 | INFO | __main__ | Página selecionada: Transações
2026-03-27 02:27:25,422 | INFO | __main__ | Página selecionada: Transações
2026-03-27 02:27:25,463 | INFO | __main__ | Página selecionada: Transações
2026-03-27 02:27:26,410 | INFO | __main__ | Página selecionada: Transações
2026-03-27 02:27:26,451 | INFO | __main__ | Página selecionada: Transações
2026-03-27 02:27:27,788 | INFO | __main__ | Página selecionada: Transações
2026-03-27 02:27:29,497 | INFO | __main__ | Página selecionada: Transações
2026-03-27 02:27:29,540 | INFO | __main__ | Página selecionada: Transações
2026-03-27 02:28:27,485 | INFO | __main__ | Aplicação iniciada
2026-03-27 02:28:27,486 | INFO | __main__ | Página selecionada: Resumo
2026-03-27 02:28:29,913 | INFO | __main__ | Página selecionada: Transações
2026-03-27 02:28:29,918 | INFO | src.repositories.categorias_repository | Buscando nomes das categorias no banco de dados
2026-03-27 02:29:09,402 | INFO | __main__ | Aplicação iniciada
2026-03-27 02:29:09,404 | INFO | __main__ | Página selecionada: Resumo
2026-03-27 02:29:11,095 | INFO | __main__ | Página selecionada: Transações
2026-03-27 02:29:11,099 | INFO | src.repositories.categorias_repository | Buscando nomes das categorias no banco de dados
2026-03-27 02:29:20,235 | INFO | __main__ | Aplicação iniciada
2026-03-27 02:29:20,236 | INFO | __main__ | Página selecionada: Resumo
2026-03-27 02:29:21,911 | INFO | __main__ | Página selecionada: Transações
2026-03-27 02:29:21,915 | INFO | src.repositories.categorias_repository | Buscando nomes das categorias no banco de dados
2026-03-27 02:34:01,592 | INFO | __main__ | Página selecionada: Transações
2026-03-27 02:34:17,946 | INFO | __main__ | Página selecionada: Transações
2026-03-27 02:34:18,822 | INFO | __main__ | Página selecionada: Transações
2026-03-27 02:35:24,397 | INFO | __main__ | Aplicação iniciada
2026-03-27 02:35:24,398 | INFO | __main__ | Página selecionada: Resumo
2026-03-27 02:35:29,172 | INFO | __main__ | Página selecionada: Transações
2026-03-27 02:35:29,176 | INFO | src.repositories.categorias_repository | Buscando nomes das categorias no banco de dados
2026-03-27 02:35:38,306 | INFO | __main__ | Aplicação iniciada
2026-03-27 02:35:38,308 | INFO | __main__ | Página selecionada: Resumo
2026-03-27 02:35:42,076 | INFO | __main__ | Página selecionada: Transações
2026-03-27 02:35:42,081 | INFO | src.repositories.categorias_repository | Buscando nomes das categorias no banco de dados
2026-03-27 02:37:31,130 | INFO | __main__ | Página selecionada: Transações
2026-03-27 02:41:52,311 | INFO | __main__ | Aplicação iniciada
2026-03-27 02:41:52,314 | INFO | src.database.init_db | Inicializando banco de dados
2026-03-27 02:41:52,315 | INFO | src.database.init_db | Tabelas criadas no banco
2026-03-27 02:41:52,323 | INFO | __main__ | Página selecionada: Resumo
2026-03-27 02:41:54,565 | INFO | __main__ | Página selecionada: Transações
2026-03-27 02:41:54,571 | INFO | src.repositories.categorias_repository | Buscando nomes das categorias no banco de dados
2026-03-27 02:42:03,799 | INFO | __main__ | Página selecionada: Transações
2026-03-27 02:42:07,319 | INFO | __main__ | Página selecionada: Transações
2026-03-27 02:42:10,810 | INFO | __main__ | Página selecionada: Transações
2026-03-27 02:42:13,311 | INFO | __main__ | Página selecionada: Transações
2026-03-27 02:42:14,871 | INFO | __main__ | Página selecionada: Transações
2026-03-27 02:42:16,129 | INFO | __main__ | Página selecionada: Transações
2026-03-27 02:42:18,808 | INFO | __main__ | Página selecionada: Transações
2026-03-27 02:42:20,326 | INFO | __main__ | Página selecionada: Transações
2026-03-27 02:42:21,914 | INFO | __main__ | Página selecionada: Transações
2026-03-27 02:42:23,204 | INFO | __main__ | Página selecionada: Transações
2026-03-27 02:42:24,976 | INFO | __main__ | Página selecionada: Transações
2026-03-27 02:42:25,931 | INFO | __main__ | Página selecionada: Transações
2026-03-27 02:42:26,961 | INFO | __main__ | Página selecionada: Transações
2026-03-27 02:42:29,322 | INFO | __main__ | Página selecionada: Transações
2026-03-27 02:42:31,325 | INFO | __main__ | Página selecionada: Transações
2026-03-27 02:42:33,269 | INFO | __main__ | Página selecionada: Transações
2026-03-27 02:42:33,318 | INFO | __main__ | Página selecionada: Transações
2026-03-27 02:42:35,264 | INFO | __main__ | Página selecionada: Transações
2026-03-27 02:42:35,308 | INFO | __main__ | Página selecionada: Transações
2026-03-27 02:42:35,430 | INFO | __main__ | Página selecionada: Transações
2026-03-27 02:42:35,473 | INFO | __main__ | Página selecionada: Transações
2026-03-27 02:42:36,843 | INFO | __main__ | Página selecionada: Transações
2026-03-27 02:42:36,915 | INFO | __main__ | Página selecionada: Transações
2026-03-27 02:42:37,017 | INFO | __main__ | Página selecionada: Transações
2026-03-27 02:42:37,072 | INFO | __main__ | Página selecionada: Transações
2026-03-27 02:42:37,769 | INFO | __main__ | Página selecionada: Transações
2026-03-27 02:42:37,817 | INFO | __main__ | Página selecionada: Transações
2026-03-27 02:42:37,947 | INFO | __main__ | Página selecionada: Transações
2026-03-27 02:42:37,990 | INFO | __main__ | Página selecionada: Transações
2026-03-27 02:42:40,197 | INFO | __main__ | Página selecionada: Transações
2026-03-27 02:42:41,430 | INFO | __main__ | Página selecionada: Transações
2026-03-27 02:42:41,475 | INFO | __main__ | Página selecionada: Transações
2026-03-27 02:42:45,319 | INFO | __main__ | Página selecionada: Transações
2026-03-27 02:42:46,031 | INFO | __main__ | Página selecionada: Transações
2026-03-27 02:42:46,076 | INFO | __main__ | Página selecionada: Transações
2026-03-27 02:42:47,915 | INFO | __main__ | Página selecionada: Transações
2026-03-27 02:42:48,330 | INFO | __main__ | Página selecionada: Transações
2026-03-27 02:42:48,385 | INFO | __main__ | Página selecionada: Transações
2026-03-27 02:42:49,962 | INFO | __main__ | Página selecionada: Transações
2026-03-27 02:42:50,397 | INFO | __main__ | Página selecionada: Transações
2026-03-27 02:42:50,441 | INFO | __main__ | Página selecionada: Transações
2026-03-27 02:43:41,971 | INFO | __main__ | Página selecionada: Transações
2026-03-27 02:43:42,762 | INFO | __main__ | Página selecionada: Transações
2026-03-27 02:43:42,806 | INFO | __main__ | Página selecionada: Transações
2026-03-27 02:43:43,319 | INFO | __main__ | Página selecionada: Transações
2026-03-27 02:43:43,361 | INFO | __main__ | Página selecionada: Transações
2026-03-27 02:43:43,486 | INFO | __main__ | Página selecionada: Transações
2026-03-27 02:43:43,527 | INFO | __main__ | Página selecionada: Transações
2026-03-27 02:44:03,412 | INFO | __main__ | Aplicação iniciada
2026-03-27 02:44:03,413 | INFO | __main__ | Página selecionada: Resumo
2026-03-27 02:44:05,246 | INFO | __main__ | Página selecionada: Transações
2026-03-27 02:44:05,250 | INFO | src.repositories.categorias_repository | Buscando nomes das categorias no banco de dados
2026-03-27 02:44:06,945 | INFO | __main__ | Página selecionada: Transações
2026-03-27 02:44:07,574 | INFO | __main__ | Página selecionada: Transações
2026-03-27 02:44:07,637 | INFO | __main__ | Página selecionada: Transações
2026-03-27 02:44:08,006 | INFO | __main__ | Página selecionada: Transações
2026-03-27 02:44:08,052 | INFO | __main__ | Página selecionada: Transações
2026-03-27 02:44:08,163 | INFO | __main__ | Página selecionada: Transações
2026-03-27 02:44:08,209 | INFO | __main__ | Página selecionada: Transações
2026-03-27 02:46:23,065 | INFO | __main__ | Aplicação iniciada
2026-03-27 02:46:23,067 | INFO | src.database.init_db | Inicializando banco de dados
2026-03-27 02:46:23,069 | INFO | src.database.init_db | Tabelas criadas no banco
2026-03-27 02:46:23,077 | INFO | __main__ | Página selecionada: Resumo
2026-03-27 02:46:24,967 | INFO | __main__ | Página selecionada: Transações
2026-03-27 02:46:24,974 | INFO | src.repositories.categorias_repository | Buscando nomes das categorias no banco de dados
2026-03-27 02:46:28,978 | INFO | __main__ | Página selecionada: Transações
2026-03-27 02:46:29,721 | INFO | __main__ | Página selecionada: Transações
2026-03-27 02:46:29,772 | INFO | __main__ | Página selecionada: Transações
2026-03-27 02:47:20,717 | INFO | __main__ | Aplicação iniciada
2026-03-27 02:47:20,718 | INFO | __main__ | Página selecionada: Resumo
2026-03-27 02:47:22,448 | INFO | __main__ | Página selecionada: Transações
2026-03-27 02:47:22,452 | INFO | src.repositories.categorias_repository | Buscando nomes das categorias no banco de dados
2026-03-27 02:47:24,672 | INFO | __main__ | Página selecionada: Transações
2026-03-27 02:47:25,162 | INFO | __main__ | Página selecionada: Transações
2026-03-27 02:48:26,291 | INFO | __main__ | Aplicação iniciada
2026-03-27 02:48:26,293 | INFO | __main__ | Página selecionada: Resumo
2026-03-27 02:48:27,821 | INFO | __main__ | Página selecionada: Transações
2026-03-27 02:48:27,825 | INFO | src.repositories.categorias_repository | Buscando nomes das categorias no banco de dados
2026-03-27 02:48:31,147 | INFO | __main__ | Página selecionada: Transações
2026-03-27 02:48:32,434 | INFO | __main__ | Página selecionada: Transações
2026-03-27 02:48:33,141 | INFO | __main__ | Página selecionada: Transações
2026-03-27 02:48:33,187 | INFO | __main__ | Página selecionada: Transações
2026-03-27 02:48:35,229 | INFO | __main__ | Página selecionada: Transações
2026-03-27 02:48:35,918 | INFO | __main__ | Página selecionada: Transações
2026-03-27 02:48:46,333 | INFO | __main__ | Aplicação iniciada
2026-03-27 02:48:46,335 | INFO | __main__ | Página selecionada: Resumo
2026-03-27 02:48:48,403 | INFO | __main__ | Página selecionada: Transações
2026-03-27 02:48:48,407 | INFO | src.repositories.categorias_repository | Buscando nomes das categorias no banco de dados
2026-03-27 02:48:50,317 | INFO | __main__ | Página selecionada: Transações
2026-03-27 02:48:51,384 | INFO | __main__ | Página selecionada: Transações
2026-03-27 02:48:51,974 | INFO | __main__ | Página selecionada: Transações
2026-03-27 02:48:52,017 | INFO | __main__ | Página selecionada: Transações
2026-03-27 02:48:52,685 | INFO | __main__ | Página selecionada: Transações
2026-03-27 02:48:52,729 | INFO | __main__ | Página selecionada: Transações
2026-03-27 02:49:01,369 | INFO | __main__ | Página selecionada: Transações
2026-03-27 02:49:02,693 | INFO | __main__ | Página selecionada: Transações
2026-03-27 02:49:57,464 | INFO | __main__ | Página selecionada: Transações
2026-03-27 02:49:57,509 | INFO | __main__ | Página selecionada: Transações
2026-03-27 02:50:00,749 | INFO | __main__ | Página selecionada: Transações
2026-03-27 02:50:00,791 | INFO | __main__ | Página selecionada: Transações
2026-03-27 02:50:01,131 | INFO | __main__ | Página selecionada: Transações
2026-03-27 02:50:01,176 | INFO | __main__ | Página selecionada: Transações
2026-03-27 02:50:01,299 | INFO | __main__ | Página selecionada: Transações
2026-03-27 02:50:01,343 | INFO | __main__ | Página selecionada: Transações
2026-03-27 02:50:42,927 | INFO | __main__ | Aplicação iniciada
2026-03-27 02:50:42,928 | INFO | __main__ | Página selecionada: Resumo
2026-03-27 02:50:44,284 | INFO | __main__ | Página selecionada: Transações
2026-03-27 02:50:44,289 | INFO | src.repositories.categorias_repository | Buscando nomes das categorias no banco de dados
2026-03-27 02:52:12,991 | INFO | __main__ | Aplicação iniciada
2026-03-27 02:52:12,992 | INFO | __main__ | Página selecionada: Resumo
2026-03-27 02:52:15,132 | INFO | __main__ | Página selecionada: Transações
2026-03-27 02:52:15,137 | INFO | src.repositories.categorias_repository | Buscando nomes das categorias no banco de dados
2026-03-27 02:52:17,085 | INFO | __main__ | Página selecionada: Transações
2026-03-27 02:52:17,529 | INFO | __main__ | Página selecionada: Transações
2026-03-27 02:52:17,572 | INFO | __main__ | Página selecionada: Transações
2026-03-27 02:52:20,061 | INFO | __main__ | Página selecionada: Transações
2026-03-27 02:52:22,563 | INFO | __main__ | Página selecionada: Transações
2026-03-27 02:52:28,021 | INFO | __main__ | Página selecionada: Transações
2026-03-27 02:52:33,346 | INFO | __main__ | Página selecionada: Transações
2026-03-27 02:52:36,296 | INFO | __main__ | Página selecionada: Transações
2026-03-27 02:52:37,259 | INFO | __main__ | Página selecionada: Transações
2026-03-27 02:52:38,016 | INFO | __main__ | Página selecionada: Transações
2026-03-27 02:52:38,059 | INFO | __main__ | Página selecionada: Transações
2026-03-27 02:52:39,124 | INFO | __main__ | Página selecionada: Transações
2026-03-27 02:52:39,559 | INFO | __main__ | Página selecionada: Transações
2026-03-27 02:52:39,602 | INFO | __main__ | Página selecionada: Transações
2026-03-27 02:52:41,246 | INFO | __main__ | Página selecionada: Transações
2026-03-27 02:52:41,714 | INFO | __main__ | Página selecionada: Transações
2026-03-27 02:52:41,757 | INFO | __main__ | Página selecionada: Transações
2026-03-27 02:52:53,286 | INFO | __main__ | Página selecionada: Transações
2026-03-27 02:52:53,293 | INFO | src.repositories.categorias_repository | Buscando nomes das categorias no banco de dados
2026-03-27 02:53:04,434 | INFO | src.repositories.despesas_repository | Inserido despesa=abc
2026-03-27 02:53:04,439 | INFO | src.repositories.despesas_repository | Despesa=abc inserido com sucesso
2026-03-27 02:53:04,485 | INFO | __main__ | Página selecionada: Transações
2026-03-27 02:53:07,626 | INFO | __main__ | Página selecionada: Transações
2026-03-27 02:53:07,635 | INFO | src.repositories.categorias_repository | Buscando nomes das categorias no banco de dados
2026-03-27 02:53:11,534 | INFO | src.repositories.despesas_repository | Excluindo despesa ID=12
2026-03-27 02:53:11,538 | INFO | src.repositories.despesas_repository | ID=12 excluída com sucesso
2026-03-27 02:53:11,586 | INFO | __main__ | Página selecionada: Transações
2026-03-27 02:53:58,898 | INFO | __main__ | Página selecionada: Categorias
2026-03-27 02:53:58,899 | INFO | src.repositories.categorias_repository | Buscando categorias completas no banco de dados
2026-03-27 02:54:00,074 | INFO | __main__ | Página selecionada: Transações
2026-03-27 02:54:00,598 | INFO | __main__ | Página selecionada: Categorias
2026-03-27 02:54:02,879 | INFO | __main__ | Página selecionada: Transações
2026-03-27 02:54:08,153 | INFO | __main__ | Página selecionada: Categorias
2026-03-27 02:54:09,943 | INFO | __main__ | Página selecionada: Transações
2026-03-27 02:54:18,267 | INFO | __main__ | Página selecionada: Transações
2026-03-27 02:54:19,014 | INFO | __main__ | Página selecionada: Categorias
2026-03-27 02:54:19,580 | INFO | __main__ | Página selecionada: Transações
2026-03-27 02:54:22,169 | INFO | __main__ | Página selecionada: Transações
2026-03-27 02:54:22,176 | INFO | src.repositories.categorias_repository | Buscando nomes das categorias no banco de dados
2026-03-27 02:54:36,369 | INFO | __main__ | Página selecionada: Transações
2026-03-27 02:54:37,346 | INFO | __main__ | Página selecionada: Transações
2026-03-27 02:54:37,355 | INFO | src.repositories.categorias_repository | Buscando nomes das categorias no banco de dados
2026-03-27 02:54:40,613 | INFO | src.repositories.despesas_repository | Atualizando despesa ID=8
2026-03-27 02:54:40,617 | INFO | src.repositories.despesas_repository | ID=8 atualizada com sucesso
2026-03-27 02:54:40,657 | INFO | __main__ | Página selecionada: Transações
2026-03-28 22:57:07,026 | INFO | __main__ | Aplicação iniciada
2026-03-28 22:57:07,028 | INFO | src.database.init_db | Inicializando banco de dados
2026-03-28 22:57:07,037 | INFO | src.database.init_db | Tabelas criadas no banco
2026-03-28 22:57:07,060 | INFO | __main__ | Página selecionada: Resumo
2026-03-28 22:57:30,398 | INFO | __main__ | Página selecionada: Categorias
2026-03-28 22:57:30,399 | INFO | src.repositories.categorias_repository | Buscando categorias completas no banco de dados
2026-03-28 22:57:31,780 | INFO | __main__ | Página selecionada: Transações
2026-03-28 22:57:31,800 | INFO | src.repositories.categorias_repository | Buscando nomes das categorias no banco de dados
2026-03-28 22:57:34,486 | INFO | __main__ | Página selecionada: Resumo
2026-03-28 22:57:35,110 | INFO | __main__ | Página selecionada: Transações
2026-03-28 22:57:37,293 | INFO | __main__ | Página selecionada: Transações
2026-03-28 22:57:37,333 | INFO | __main__ | Página selecionada: Transações
2026-03-28 22:57:39,219 | INFO | __main__ | Página selecionada: Transações
2026-03-28 22:57:41,271 | INFO | __main__ | Página selecionada: Transações
2026-03-28 22:57:42,862 | INFO | __main__ | Página selecionada: Transações
2026-03-28 22:57:45,516 | INFO | __main__ | Página selecionada: Transações
2026-03-28 22:57:45,584 | INFO | __main__ | Página selecionada: Transações
2026-03-28 22:57:54,676 | INFO | __main__ | Página selecionada: Transações
2026-03-28 22:57:56,949 | INFO | __main__ | Página selecionada: Transações
2026-03-28 23:01:16,429 | INFO | __main__ | Página selecionada: Transações
2026-03-28 23:01:16,436 | INFO | src.repositories.categorias_repository | Buscando nomes das categorias no banco de dados
2026-03-28 23:01:18,181 | INFO | __main__ | Página selecionada: Transações
2026-03-28 23:01:21,093 | INFO | __main__ | Página selecionada: Transações
2026-03-28 23:01:21,101 | INFO | src.repositories.categorias_repository | Buscando nomes das categorias no banco de dados
2026-03-28 23:01:28,795 | INFO | __main__ | Página selecionada: Transações
2026-03-28 23:01:29,801 | INFO | __main__ | Página selecionada: Transações
2026-03-28 23:01:29,808 | INFO | src.repositories.categorias_repository | Buscando nomes das categorias no banco de dados
2026-03-28 23:01:33,003 | INFO | __main__ | Página selecionada: Transações
2026-03-28 23:01:34,173 | INFO | __main__ | Página selecionada: Transações
2026-03-28 23:01:34,181 | INFO | src.repositories.categorias_repository | Buscando nomes das categorias no banco de dados
2026-03-28 23:01:42,147 | INFO | __main__ | Página selecionada: Transações
2026-03-28 23:01:57,175 | INFO | __main__ | Página selecionada: Transações
2026-03-28 23:01:57,184 | INFO | src.repositories.categorias_repository | Buscando nomes das categorias no banco de dados
2026-03-28 23:01:58,597 | INFO | __main__ | Página selecionada: Transações
2026-03-28 23:02:08,893 | INFO | __main__ | Página selecionada: Transações
2026-03-28 23:02:08,901 | INFO | src.repositories.categorias_repository | Buscando nomes das categorias no banco de dados
2026-03-28 23:02:11,027 | INFO | __main__ | Página selecionada: Transações
2026-03-28 23:02:11,034 | INFO | src.repositories.categorias_repository | Buscando nomes das categorias no banco de dados
2026-03-28 23:02:13,954 | INFO | __main__ | Página selecionada: Transações
2026-03-28 23:02:13,961 | INFO | src.repositories.categorias_repository | Buscando nomes das categorias no banco de dados
2026-03-28 23:02:26,442 | INFO | __main__ | Página selecionada: Transações
2026-03-28 23:02:26,450 | INFO | src.repositories.categorias_repository | Buscando nomes das categorias no banco de dados
2026-03-28 23:05:11,217 | INFO | __main__ | Página selecionada: Transações
2026-03-28 23:05:13,985 | INFO | __main__ | Página selecionada: Transações
2026-03-28 23:05:16,227 | INFO | __main__ | Página selecionada: Resumo
2026-03-28 23:05:19,297 | INFO | __main__ | Página selecionada: Transações
2026-03-28 23:05:25,572 | INFO | __main__ | Página selecionada: Transações
2026-03-28 23:05:25,579 | INFO | src.repositories.categorias_repository | Buscando nomes das categorias no banco de dados
2026-03-28 23:05:46,972 | INFO | src.repositories.despesas_repository | Inserido despesa=Netflix
2026-03-28 23:05:46,977 | INFO | src.repositories.despesas_repository | Despesa=Netflix inserido com sucesso
2026-03-28 23:05:47,017 | INFO | __main__ | Página selecionada: Transações
2026-03-28 23:05:55,182 | INFO | __main__ | Página selecionada: Resumo
2026-03-28 23:05:56,510 | INFO | __main__ | Página selecionada: Transações
2026-03-28 23:06:01,961 | INFO | __main__ | Página selecionada: Transações
2026-03-28 23:06:01,969 | INFO | src.repositories.categorias_repository | Buscando nomes das categorias no banco de dados
2026-03-28 23:06:12,090 | INFO | src.repositories.despesas_repository | Excluindo despesa ID=13
2026-03-28 23:06:12,095 | INFO | src.repositories.despesas_repository | ID=13 excluída com sucesso
2026-03-28 23:06:12,133 | INFO | __main__ | Página selecionada: Transações
2026-03-28 23:06:19,152 | INFO | __main__ | Página selecionada: Resumo
2026-03-28 23:06:22,812 | INFO | __main__ | Página selecionada: Transações
2026-03-28 23:06:41,127 | INFO | __main__ | Página selecionada: Transações
2026-03-28 23:06:43,345 | INFO | __main__ | Página selecionada: Transações
2026-03-28 23:06:46,809 | INFO | __main__ | Página selecionada: Transações
2026-03-28 23:06:48,541 | INFO | __main__ | Página selecionada: Transações
2026-03-28 23:06:49,208 | INFO | __main__ | Página selecionada: Transações
2026-03-28 23:06:50,006 | INFO | __main__ | Página selecionada: Transações
2026-03-28 23:06:53,064 | INFO | __main__ | Página selecionada: Transações
2026-03-28 23:06:54,473 | INFO | __main__ | Página selecionada: Transações
2026-03-28 23:06:55,246 | INFO | __main__ | Página selecionada: Transações
2026-03-28 23:06:55,288 | INFO | __main__ | Página selecionada: Transações
2026-03-28 23:06:58,107 | INFO | __main__ | Página selecionada: Transações
2026-03-28 23:06:58,115 | INFO | src.repositories.categorias_repository | Buscando nomes das categorias no banco de dados
2026-03-28 23:15:05,777 | INFO | __main__ | Aplicação iniciada
2026-03-28 23:15:05,779 | INFO | __main__ | Página selecionada: Resumo
2026-03-28 23:15:07,394 | INFO | __main__ | Página selecionada: Transações
2026-03-28 23:15:07,398 | INFO | src.repositories.categorias_repository | Buscando nomes das categorias no banco de dados
2026-03-28 23:15:08,991 | INFO | __main__ | Página selecionada: Transações
2026-03-28 23:15:08,999 | INFO | src.repositories.categorias_repository | Buscando nomes das categorias no banco de dados
2026-03-28 23:15:11,794 | INFO | __main__ | Página selecionada: Transações
2026-03-28 23:15:12,515 | INFO | __main__ | Página selecionada: Transações
2026-03-28 23:15:12,522 | INFO | src.repositories.categorias_repository | Buscando nomes das categorias no banco de dados
2026-03-28 23:15:16,475 | INFO | __main__ | Página selecionada: Transações
2026-03-28 23:15:17,060 | INFO | __main__ | Página selecionada: Transações
2026-03-28 23:15:17,066 | INFO | src.repositories.categorias_repository | Buscando nomes das categorias no banco de dados
2026-03-28 23:15:21,392 | INFO | __main__ | Página selecionada: Transações
2026-03-28 23:15:22,251 | INFO | __main__ | Página selecionada: Transações
2026-03-28 23:15:22,258 | INFO | src.repositories.categorias_repository | Buscando nomes das categorias no banco de dados
2026-03-28 23:15:23,441 | INFO | __main__ | Página selecionada: Transações
2026-03-28 23:19:53,389 | INFO | __main__ | Aplicação iniciada
2026-03-28 23:19:53,390 | INFO | __main__ | Página selecionada: Resumo
2026-03-28 23:19:56,388 | INFO | __main__ | Página selecionada: Resumo
2026-03-28 23:19:56,714 | INFO | __main__ | Página selecionada: Transações
2026-03-28 23:19:56,717 | INFO | src.repositories.categorias_repository | Buscando nomes das categorias no banco de dados
2026-03-28 23:43:34,880 | INFO | __main__ | Aplicação iniciada
2026-03-28 23:43:34,882 | INFO | __main__ | Página selecionada: Resumo
2026-03-28 23:43:36,745 | INFO | __main__ | Página selecionada: Transações
2026-03-28 23:44:39,218 | INFO | __main__ | Aplicação iniciada
2026-03-28 23:44:39,219 | INFO | __main__ | Página selecionada: Resumo
2026-03-28 23:44:44,420 | INFO | __main__ | Página selecionada: Transações
2026-03-28 23:44:44,424 | INFO | src.repositories.categorias_repository | Buscando nomes das categorias no banco de dados
2026-03-28 23:48:12,671 | INFO | __main__ | Página selecionada: Transações
2026-03-28 23:48:12,678 | INFO | src.repositories.categorias_repository | Buscando nomes das categorias no banco de dados
2026-03-28 23:48:14,643 | INFO | __main__ | Página selecionada: Transações
2026-03-28 23:48:15,559 | INFO | __main__ | Página selecionada: Categorias
2026-03-28 23:48:15,560 | INFO | src.repositories.categorias_repository | Buscando categorias completas no banco de dados
2026-03-28 23:48:18,499 | INFO | __main__ | Página selecionada: Transações
2026-03-28 23:48:20,216 | INFO | __main__ | Página selecionada: Categorias
2026-03-28 23:50:17,683 | INFO | __main__ | Página selecionada: Transações
2026-03-28 23:55:27,611 | INFO | __main__ | Aplicação iniciada
2026-03-28 23:55:27,613 | INFO | __main__ | Página selecionada: Resumo
2026-03-28 23:55:28,896 | INFO | __main__ | Página selecionada: Transações
2026-03-28 23:55:28,899 | INFO | src.repositories.categorias_repository | Buscando nomes das categorias no banco de dados
2026-03-28 23:55:29,705 | INFO | __main__ | Página selecionada: Categorias
2026-03-28 23:55:29,705 | INFO | src.repositories.categorias_repository | Buscando categorias completas no banco de dados
2026-03-28 23:56:12,604 | INFO | __main__ | Aplicação iniciada
2026-03-28 23:56:12,605 | INFO | __main__ | Página selecionada: Resumo
2026-03-28 23:56:14,509 | INFO | __main__ | Página selecionada: Transações
2026-03-28 23:56:14,514 | INFO | src.repositories.categorias_repository | Buscando nomes das categorias no banco de dados
2026-03-28 23:56:14,862 | INFO | __main__ | Página selecionada: Categorias
2026-03-28 23:56:14,863 | INFO | src.repositories.categorias_repository | Buscando categorias completas no banco de dados
2026-03-28 23:56:16,219 | INFO | __main__ | Página selecionada: Categorias
2026-03-28 23:56:20,366 | INFO | __main__ | Página selecionada: Categorias
2026-03-28 23:56:20,408 | INFO | __main__ | Página selecionada: Categorias
2026-03-28 23:56:21,341 | INFO | __main__ | Página selecionada: Categorias
2026-03-28 23:56:52,736 | INFO | __main__ | Página selecionada: Categorias
2026-03-28 23:56:52,742 | INFO | src.repositories.categorias_repository | Inserindo nova categoria: Gasolina
2026-03-28 23:56:52,746 | INFO | src.repositories.categorias_repository | Buscando categorias completas no banco de dados
2026-03-28 23:56:52,790 | INFO | __main__ | Página selecionada: Categorias
2026-03-28 23:56:57,927 | INFO | __main__ | Página selecionada: Transações
2026-03-28 23:57:00,263 | INFO | __main__ | Aplicação iniciada
2026-03-28 23:57:00,265 | INFO | __main__ | Página selecionada: Resumo
2026-03-28 23:57:02,420 | INFO | __main__ | Página selecionada: Categorias
2026-03-28 23:57:02,420 | INFO | src.repositories.categorias_repository | Buscando categorias completas no banco de dados
2026-03-28 23:57:03,686 | INFO | __main__ | Página selecionada: Categorias
2026-03-28 23:57:04,122 | INFO | __main__ | Página selecionada: Transações
2026-03-28 23:57:04,125 | INFO | src.repositories.categorias_repository | Buscando nomes das categorias no banco de dados
2026-03-28 23:57:05,862 | INFO | __main__ | Página selecionada: Categorias
2026-03-28 23:57:11,382 | INFO | __main__ | Página selecionada: Transações
2026-03-28 23:57:12,619 | INFO | __main__ | Página selecionada: Categorias
2026-03-28 23:57:29,128 | INFO | __main__ | Página selecionada: Transações
2026-03-28 23:57:30,814 | INFO | __main__ | Página selecionada: Transações
2026-03-28 23:57:30,822 | INFO | src.repositories.categorias_repository | Buscando nomes das categorias no banco de dados
2026-03-28 23:57:36,577 | INFO | __main__ | Página selecionada: Transações
2026-03-28 23:57:37,287 | INFO | __main__ | Página selecionada: Categorias
2026-03-28 23:57:41,753 | INFO | __main__ | Página selecionada: Transações
2026-03-28 23:58:57,755 | INFO | __main__ | Página selecionada: Categorias
2026-03-28 23:59:00,087 | INFO | __main__ | Página selecionada: Transações
2026-03-28 23:59:01,362 | INFO | __main__ | Página selecionada: Transações
2026-03-28 23:59:01,369 | INFO | src.repositories.categorias_repository | Buscando nomes das categorias no banco de dados
2026-03-28 23:59:02,984 | INFO | __main__ | Página selecionada: Transações
2026-03-28 23:59:04,032 | INFO | __main__ | Página selecionada: Categorias
2026-03-28 23:59:04,639 | INFO | __main__ | Página selecionada: Transações
2026-03-28 23:59:05,090 | INFO | __main__ | Página selecionada: Resumo
2026-03-28 23:59:05,457 | INFO | __main__ | Página selecionada: Transações
2026-03-28 23:59:05,727 | INFO | __main__ | Página selecionada: Categorias
2026-03-28 23:59:06,111 | INFO | __main__ | Página selecionada: Resumo
2026-03-28 23:59:07,955 | INFO | __main__ | Página selecionada: Transações
2026-03-28 23:59:09,417 | INFO | __main__ | Página selecionada: Categorias
2026-03-28 23:59:10,062 | INFO | __main__ | Página selecionada: Resumo
2026-03-28 23:59:10,385 | INFO | __main__ | Página selecionada: Transações
2026-03-29 00:00:43,230 | INFO | __main__ | Aplicação iniciada
2026-03-29 00:00:43,231 | INFO | __main__ | Página selecionada: Resumo
2026-03-29 00:00:44,738 | INFO | __main__ | Página selecionada: Despesas
2026-03-29 00:01:01,353 | INFO | __main__ | Aplicação iniciada
2026-03-29 00:01:01,354 | INFO | __main__ | Página selecionada: Resumo
2026-03-29 00:01:02,392 | INFO | __main__ | Página selecionada: Despesas
2026-03-29 00:01:02,396 | INFO | src.repositories.categorias_repository | Buscando nomes das categorias no banco de dados
2026-03-29 00:01:03,792 | INFO | __main__ | Página selecionada: Despesas
2026-03-29 00:01:04,391 | INFO | __main__ | Página selecionada: Categorias
2026-03-29 00:01:04,392 | INFO | src.repositories.categorias_repository | Buscando categorias completas no banco de dados
2026-03-29 00:01:05,780 | INFO | __main__ | Página selecionada: Despesas
2026-03-29 00:01:07,160 | INFO | __main__ | Página selecionada: Resumo
2026-03-29 00:01:07,591 | INFO | __main__ | Página selecionada: Despesas
2026-03-29 00:01:07,976 | INFO | __main__ | Página selecionada: Categorias
2026-03-29 00:01:08,825 | INFO | __main__ | Página selecionada: Despesas
2026-03-29 00:01:21,321 | INFO | __main__ | Aplicação iniciada
2026-03-29 00:01:21,325 | INFO | __main__ | Página selecionada: Resumo
2026-03-29 00:01:22,438 | INFO | __main__ | Página selecionada: Despesas
2026-03-29 00:01:22,442 | INFO | src.repositories.categorias_repository | Buscando nomes das categorias no banco de dados
2026-03-29 00:01:23,757 | INFO | __main__ | Página selecionada: Categorias
2026-03-29 00:01:23,758 | INFO | src.repositories.categorias_repository | Buscando categorias completas no banco de dados
2026-03-29 00:01:24,403 | INFO | __main__ | Página selecionada: Despesas
2026-03-29 00:01:24,775 | INFO | __main__ | Página selecionada: Resumo
2026-03-29 00:01:25,123 | INFO | __main__ | Página selecionada: Despesas
2026-03-29 00:01:25,491 | INFO | __main__ | Página selecionada: Categorias
2026-03-29 00:01:37,325 | INFO | __main__ | Página selecionada: Despesas
2026-03-29 00:03:22,364 | INFO | __main__ | Página selecionada: Resumo
2026-03-29 00:03:23,132 | INFO | __main__ | Página selecionada: Despesas
2026-03-29 00:03:23,443 | INFO | __main__ | Página selecionada: Categorias
2026-03-29 00:03:33,254 | INFO | __main__ | Página selecionada: Despesas
2026-03-29 00:03:35,061 | INFO | __main__ | Página selecionada: Categorias
2026-03-29 00:03:36,013 | INFO | __main__ | Página selecionada: Despesas
2026-03-29 00:03:36,463 | INFO | __main__ | Página selecionada: Resumo
2026-03-29 00:34:01,236 | INFO | __main__ | Página selecionada: Despesas
2026-03-29 00:34:02,635 | INFO | __main__ | Página selecionada: Categorias
2026-03-29 00:34:05,102 | INFO | __main__ | Página selecionada: Despesas
2026-03-29 00:34:20,935 | INFO | __main__ | Página selecionada: Resumo
2026-03-29 00:36:57,078 | INFO | __main__ | Página selecionada: Despesas
2026-03-29 00:37:06,581 | INFO | __main__ | Página selecionada: Categorias
2026-03-29 00:37:10,286 | INFO | __main__ | Página selecionada: Categorias
2026-03-29 00:37:12,723 | INFO | __main__ | Página selecionada: Categorias
2026-03-29 00:37:12,764 | INFO | __main__ | Página selecionada: Categorias
2026-03-29 00:55:19,171 | INFO | __main__ | Aplicação iniciada
2026-03-29 00:55:19,172 | INFO | __main__ | Página selecionada: Resumo
